https://www.debian.org/doc/manuals/debian-reference/ch05.en.html

opendns			google
2620:0:ccc::2 		2001:4860:4860::8888
2620:0:ccd::2		2001:4860:4860::8844

guru@vdab10:/opt/pt/bin$ sudo ip -s neigh show 
172.16.4.254 dev enp0s25 lladdr 52:54:10:ff:10:02 ref 1 used 892/1/16 probes 1 REACHABLE

guru@vdab10:/opt/pt/bin$ sudo ip -d route show
unicast default via 172.16.4.254 dev enp0s25 proto static scope global metric 100 
unicast 172.16.4.0/24 dev enp0s25 proto kernel scope link src 172.16.4.76 metric 100 

guru@vdab10:/opt/pt/bin$ dig @208.67.222.222 vdab.be
guru@vdab10:/opt/pt/bin$ dig @208.67.222.222 vdab.be mx
guru@vdab10:/opt/pt/bin$ dig vdab.be +trace
guru@vdab10:/opt/pt/bin$ dig vdab.be +trace +noall

; <<>> DiG 9.10.3-P4-Debian <<>> vdab.be +trace +noall
;; global options: +cmd
;; Received 525 bytes from 194.78.132.189#53(194.78.132.189) in 1 ms

;; Received 858 bytes from 192.112.36.4#53(g.root-servers.net) in 56 ms

;; Received 663 bytes from 194.0.44.1#53(d.ns.dns.be) in 11 ms

;; Received 198 bytes from 85.255.200.200#53(ns.be.hostbasket.com) in 12 ms

guru@vdab10:/opt/pt/bin$ dig debian.org +noall ANY dnsnode.debian.org

guru@vdab10:/opt/pt/bin$ dig debian.org +multiline +noall +answer

; <<>> DiG 9.10.3-P4-Debian <<>> debian.org +multiline +noall +answer
;; global options: +cmd
debian.org.		300 IN A 5.153.231.4
debian.org.		300 IN A 128.31.0.62
debian.org.		300 IN A 130.89.148.14
debian.org.		300 IN A 140.211.166.202
debian.org.		300 IN A 149.20.4.15

guru@vdab10:/opt/pt/bin$ dig linux.com +noall +answer ubuntu.com +noall +answer

; <<>> DiG 9.10.3-P4-Debian <<>> linux.com +noall +answer ubuntu.com +noall +answer
;; global options: +cmd
linux.com.		10800	IN	A	151.101.129.5
linux.com.		10800	IN	A	151.101.1.5
linux.com.		10800	IN	A	151.101.65.5
linux.com.		10800	IN	A	151.101.193.5
ubuntu.com.		600	IN	A	91.189.94.40

guru@vdab10:/opt/pt/bin$dig -f hostnames.txt +noall +answer

Adjust Defaults With ~/.digrc File

We can create a .digrc file in our home directory to include any custom options that we want dig to run with by default. This way we can specify various options in the ~/.digrc file that will always automatically run with the dig command.

In the below example we add the +short option to the .digrc in our home directory and then perform a dig on google.com, we can see that the output confirms it was run with +short even though we did not specify it on the command line.

[root@centos7 ~]# cat .digrc
+short
[root@centos7 ~]# dig google.com
216.58.220.110

guru@vdab10:~/playground$ echo -e "linux.com \nubuntu.com" >> hostnames.txt
guru@vdab10:~/playground$ dig -f hostnames.txt any +short
guru@vdab10:~/playground$ dig +multi +answer vdab.be soa


ip command
==========
guru@vdab10:~$ ip --help
Usage: ip [ OPTIONS ] OBJECT { COMMAND | help }
       ip [ -force ] -batch filename
where  OBJECT := { link | address | addrlabel | route | rule | neigh | ntable |
                   tunnel | tuntap | maddress | mroute | mrule | monitor | xfrm |
                   netns | l2tp | fou | macsec | tcp_metrics | token | netconf | ila }
       OPTIONS := { -V[ersion] | -s[tatistics] | -d[etails] | -r[esolve] |
                    -h[uman-readable] | -iec |
                    -f[amily] { inet | inet6 | ipx | dnet | mpls | bridge | link } |
                    -4 | -6 | -I | -D | -B | -0 |
                    -l[oops] { maximum-addr-flush-attempts } | -br[ief] |
                    -o[neline] | -t[imestamp] | -ts[hort] | -b[atch] [filename] |
                    -rc[vbuf] [size] | -n[etns] name | -a[ll] |Â -c[olor]}
guru@vdab10:~$ ip -d neigh 
172.16.4.74 dev enp0s25 lladdr 90:1b:0e:45:87:b8 STALE
172.16.4.254 dev enp0s25 lladdr 52:54:10:ff:10:02 STALE
guru@vdab10:~$ ip -s neigh 
172.16.4.74 dev enp0s25 lladdr 90:1b:0e:45:87:b8 used 151/151/132 probes 4 STALE
172.16.4.254 dev enp0s25 lladdr 52:54:10:ff:10:02 used 47/47/29 probes 1 STALE
guru@vdab10:~$ ip n
neigh    netconf  netns    ntable   
guru@vdab10:~$ ip neigh show dev enp0s25
172.16.4.74 lladdr 90:1b:0e:45:87:b8 STALE
172.16.4.254 lladdr 52:54:10:ff:10:02 REACHABLE
guru@vdab10:~$ ping 172.16.4.74
PING 172.16.4.74 (172.16.4.74) 56(84) bytes of data.
64 bytes from 172.16.4.74: icmp_seq=1 ttl=64 time=0.731 ms
64 bytes from 172.16.4.74: icmp_seq=2 ttl=64 time=0.714 ms
^C
--- 172.16.4.74 ping statistics ---
7 packets transmitted, 7 received, 0% packet loss, time 6121ms
rtt min/avg/max/mdev = 0.699/0.719/0.738/0.028 ms

guru@vdab10:~$ ip -s neigh 
172.16.4.74 dev enp0s25 lladdr 90:1b:0e:45:87:b8 ref 1 used 7/6/6 probes 1 REACHABLE
172.16.4.254 dev enp0s25 lladdr 52:54:10:ff:10:02 ref 1 used 21/16/16 probes 1 REACHABLE

guru@vdab10:~$ ip -s neigh 
172.16.4.74 dev enp0s25 lladdr 90:1b:0e:45:87:b8 ref 1 used 27/26/26 probes 1 REACHABLE
172.16.4.254 dev enp0s25 lladdr 52:54:10:ff:10:02 used 41/36/8 probes 1 STALE
guru@vdab10:~$ ip -s neigh 
172.16.4.74 dev enp0s25 lladdr 90:1b:0e:45:87:b8 ref 1 used 28/27/27 probes 1 REACHABLE
172.16.4.254 dev enp0s25 lladdr 52:54:10:ff:10:02 used 42/37/9 probes 1 STALE
guru@vdab10:~$ ip -s neigh 
172.16.4.74 dev enp0s25 lladdr 90:1b:0e:45:87:b8 used 29/28/0 probes 1 STALE
172.16.4.254 dev enp0s25 lladdr 52:54:10:ff:10:02 used 43/38/10 probes 1 STALE


guru@vdab10:~$ ip a show
1: lo: <LOOPBACK,UP,LOWER_UP> mtu 65536 qdisc noqueue state UNKNOWN group default qlen 1
    link/loopback 00:00:00:00:00:00 brd 00:00:00:00:00:00
    inet 127.0.0.1/8 scope host lo
       valid_lft forever preferred_lft forever
    inet6 ::1/128 scope host 
       valid_lft forever preferred_lft forever
2: enp0s25: <BROADCAST,MULTICAST,UP,LOWER_UP> mtu 1500 qdisc pfifo_fast state UP group default qlen 1000
    link/ether 90:1b:0e:18:b4:a0 brd ff:ff:ff:ff:ff:ff
    inet 172.16.4.76/24 brd 172.16.4.255 scope global dynamic enp0s25
       valid_lft 452sec preferred_lft 452sec
    inet6 fe80::921b:eff:fe18:b4a0/64 scope link 
       valid_lft forever preferred_lft forever
guru@vdab10:~$ ip a show dev enp0s25
2: enp0s25: <BROADCAST,MULTICAST,UP,LOWER_UP> mtu 1500 qdisc pfifo_fast state UP group default qlen 1000
    link/ether 90:1b:0e:18:b4:a0 brd ff:ff:ff:ff:ff:ff
    inet 172.16.4.76/24 brd 172.16.4.255 scope global dynamic enp0s25
       valid_lft 436sec preferred_lft 436sec
    inet6 fe80::921b:eff:fe18:b4a0/64 scope link 
       valid_lft forever preferred_lft forever


guru@vdab10:~$ ip -f inet a show
1: lo: <LOOPBACK,UP,LOWER_UP> mtu 65536 qdisc noqueue state UNKNOWN group default qlen 1
    inet 127.0.0.1/8 scope host lo
       valid_lft forever preferred_lft forever
2: enp0s25: <BROADCAST,MULTICAST,UP,LOWER_UP> mtu 1500 qdisc pfifo_fast state UP group default qlen 1000
    inet 172.16.4.76/24 brd 172.16.4.255 scope global dynamic enp0s25
       valid_lft 365sec preferred_lft 365sec

guru@vdab10:~$ ip -4 a show
1: lo: <LOOPBACK,UP,LOWER_UP> mtu 65536 qdisc noqueue state UNKNOWN group default qlen 1
    inet 127.0.0.1/8 scope host lo
       valid_lft forever preferred_lft forever
2: enp0s25: <BROADCAST,MULTICAST,UP,LOWER_UP> mtu 1500 qdisc pfifo_fast state UP group default qlen 1000
    inet 172.16.4.76/24 brd 172.16.4.255 scope global dynamic enp0s25
       valid_lft 586sec preferred_lft 586sec
guru@vdab10:~$ ip -6 a show
1: lo: <LOOPBACK,UP,LOWER_UP> mtu 65536 state UNKNOWN qlen 1
    inet6 ::1/128 scope host 
       valid_lft forever preferred_lft forever
2: enp0s25: <BROADCAST,MULTICAST,UP,LOWER_UP> mtu 1500 state UP qlen 1000
    inet6 fe80::921b:eff:fe18:b4a0/64 scope link 
       valid_lft forever preferred_lft forever
guru@vdab10:~$ ip -f inet6 a show
1: lo: <LOOPBACK,UP,LOWER_UP> mtu 65536 state UNKNOWN qlen 1
    inet6 ::1/128 scope host 
       valid_lft forever preferred_lft forever
2: enp0s25: <BROADCAST,MULTICAST,UP,LOWER_UP> mtu 1500 state UP qlen 1000
    inet6 fe80::921b:eff:fe18:b4a0/64 scope link 


guru@vdab10:~$ sudo ip link set arp off dev enp0s25
guru@vdab10:~$ ip -s neigh 
guru@vdab10:~$ sudo ip link set arp on dev enp0s25
guru@vdab10:~$ ip -s neigh 
guru@vdab10:~$ sudo dhclient
guru@vdab10:~$ ip -s neigh 
172.16.4.254 dev enp0s25 lladdr 52:54:10:ff:10:02 ref 1 used 10/10/1 probes 4 REACHABLE
guru@vdab10:~$ ping 172.16.4.74
PING 172.16.4.74 (172.16.4.74) 56(84) bytes of data.
64 bytes from 172.16.4.74: icmp_seq=1 ttl=64 time=1.35 ms
64 bytes from 172.16.4.74: icmp_seq=2 ttl=64 time=0.702 ms
^C
--- 172.16.4.74 ping statistics ---
2 packets transmitted, 2 received, 0% packet loss, time 1001ms
rtt min/avg/max/mdev = 0.702/1.026/1.350/0.324 ms
guru@vdab10:~$ ip -s neigh 
172.16.4.74 dev enp0s25 lladdr 90:1b:0e:45:87:b8 ref 1 used 3/3/3 probes 4 REACHABLE
172.16.4.254 dev enp0s25 lladdr 52:54:10:ff:10:02 ref 1 used 24/10/5 probes 4 REACHABLE

guru@vdab10:~$ ip addr del help
Usage: ip address {add|change|replace} IFADDR dev IFNAME [ LIFETIME ]
                                                      [ CONFFLAG-LIST ]
       ip address del IFADDR dev IFNAME [mngtmpaddr]
       ip address {save|flush} [ dev IFNAME ] [ scope SCOPE-ID ]
                            [ to PREFIX ] [ FLAG-LIST ] [ label LABEL ] [up]
       ip address [ show [ dev IFNAME ] [ scope SCOPE-ID ] [ master DEVICE ]
                         [ type TYPE ] [ to PREFIX ] [ FLAG-LIST ]
                         [ label LABEL ] [up] [ vrf NAME ] ]
       ip address {showdump|restore}
IFADDR := PREFIX | ADDR peer PREFIX
          [ broadcast ADDR ] [ anycast ADDR ]
          [ label IFNAME ] [ scope SCOPE-ID ]
SCOPE-ID := [ host | link | global | NUMBER ]
FLAG-LIST := [ FLAG-LIST ] FLAG
FLAG  := [ permanent | dynamic | secondary | primary |
           [-]tentative | [-]deprecated | [-]dadfailed | temporary |
           CONFFLAG-LIST ]
CONFFLAG-LIST := [ CONFFLAG-LIST ] CONFFLAG
CONFFLAG  := [ home | nodad | mngtmpaddr | noprefixroute | autojoin ]
LIFETIME := [ valid_lft LFT ] [ preferred_lft LFT ]
LFT := forever | SECONDS
TYPE := { vlan | veth | vcan | dummy | ifb | macvlan | macvtap |
          bridge | bond | ipoib | ip6tnl | ipip | sit | vxlan | lowpan |
          gre | gretap | ip6gre | ip6gretap | vti | nlmon | can |
          bond_slave | ipvlan | geneve | bridge_slave | vrf | hsr | macsec }
guru@vdab10:~$ ip addr del fe80::921b:eff:fe18:b4a0/64
Not enough information: "dev" argument is required.
guru@vdab10:~$ ip addr del fe80::921b:eff:fe18:b4a0/64 dev enp0s25
RTNETLINK answers: Operation not permitted
guru@vdab10:~$ sudo !!
sudo ip addr del fe80::921b:eff:fe18:b4a0/64 dev enp0s25
guru@vdab10:~$ ip -6 a show
1: lo: <LOOPBACK,UP,LOWER_UP> mtu 65536 state UNKNOWN qlen 1
    inet6 ::1/128 scope host 
       valid_lft forever preferred_lft forever
guru@vdab10:~$ sudo ip addr add fe80::921b:eff:fe18:b4a0/64 dev enp0s25
guru@vdab10:~$ ip -6 a show
1: lo: <LOOPBACK,UP,LOWER_UP> mtu 65536 state UNKNOWN qlen 1
    inet6 ::1/128 scope host 
       valid_lft forever preferred_lft forever
2: enp0s25: <BROADCAST,MULTICAST,UP,LOWER_UP> mtu 1500 state UP qlen 1000
    inet6 fe80::921b:eff:fe18:b4a0/64 scope link tentative 
       valid_lft forever preferred_lft forever

guru@vdab10:~$ sudo ip link set enp0s25 down 
guru@vdab10:~$ sudo ip link set enp0s25 address 90:1b:0e:45:87:b8
guru@vdab10:~$ sudo ip link set enp0s25 up
guru@vdab10:~$ sudo dhclient
guru@vdab10:~$ sudo ip link set enp0s25 address 90:1b:0e:18:b4:a0
guru@vdab10:~$ sudo dhclient

https://dougvitale.wordpress.com/2011/12/21/deprecated-linux-networking-commands-and-their-replacements/

off  on   
guru@vdab10:~$ sudo ip link set enp0s25 promisc on 
guru@vdab10:~$ sudo ip link set enp0s25 promisc off

tail -f /var/log/messages
Jun  1 15:33:26 vdab10 kernel: [26323.962918] device enp0s25 entered promiscuous mode
Jun  1 15:33:31 vdab10 kernel: [26329.083028] device enp0s25 left promiscuous mode


guru@vdab10:~$ ip monitor all
[NEIGH]172.16.4.74 dev enp0s25 lladdr 90:1b:0e:45:87:b8 REACHABLE
[ADDR]2: enp0s25    inet 172.16.4.91/24 brd 172.16.4.255 scope global dynamic enp0s25
       valid_lft 600sec preferred_lft 600sec
[NEIGH]172.16.4.71 dev enp0s25  FAILED
[NEIGH]172.16.4.71 dev enp0s25  FAILED
[NEIGH]172.16.4.70 dev enp0s25  FAILED
[NEIGH]172.16.4.69 dev enp0s25  FAILED
[NEIGH]172.16.4.74 dev enp0s25 lladdr 90:1b:0e:45:87:b8 STALE
[NEIGH]172.16.4.75 dev enp0s25  FAILED
[NEIGH]172.16.4.76 dev enp0s25  FAILED
[NEIGH]172.16.4.77 dev enp0s25 lladdr 90:1b:0e:18:b3:d4 REACHABLE
[NEIGH]172.16.4.77 dev enp0s25 lladdr 90:1b:0e:18:b3:d4 STALE
[LINK]2: enp0s25: <NO-CARRIER,BROADCAST,MULTICAST,UP> mtu 1500 qdisc pfifo_fast state DOWN group default 
    link/ether 90:1b:0e:18:b4:a0 brd ff:ff:ff:ff:ff:ff
[LINK]2: enp0s25: <BROADCAST,MULTICAST,UP,LOWER_UP> mtu 1500 qdisc pfifo_fast state UP group default 
    link/ether 90:1b:0e:18:b4:a0 brd ff:ff:ff:ff:ff:ff
[ROUTE]Deleted 172.16.4.0/24 dev enp0s25 proto kernel scope link src 172.16.4.91 
[ROUTE]Deleted 172.16.4.0/24 dev enp0s25 proto kernel scope link src 172.16.4.91 metric 100 
[ROUTE]Deleted fe80::/64 dev enp0s25 proto kernel metric 256  pref medium
[ADDR]Deleted 2: enp0s25    inet 172.16.4.91/24 brd 172.16.4.255 scope global dynamic enp0s25
       valid_lft 474sec preferred_lft 474sec
[ROUTE]Deleted broadcast 172.16.4.255 dev enp0s25 table local proto kernel scope link src 172.16.4.91 
[ROUTE]Deleted broadcast 172.16.4.0 dev enp0s25 table local proto kernel scope link src 172.16.4.91 
[ROUTE]Deleted local 172.16.4.91 dev enp0s25 table local proto kernel scope host src 172.16.4.91 
[NEIGH]Deleted 172.16.4.69 dev enp0s25  FAILED
[NEIGH]Deleted 224.0.0.251 dev enp0s25 lladdr 01:00:5e:00:00:fb NOARP
[NEIGH]Deleted 224.0.0.22 dev enp0s25 lladdr 01:00:5e:00:00:16 NOARP
[NEIGH]Deleted 172.16.4.70 dev enp0s25  FAILED
[NEIGH]Deleted 172.16.4.76 dev enp0s25  FAILED
[NEIGH]Deleted 172.16.4.74 dev enp0s25 lladdr 90:1b:0e:45:87:b8 STALE
[NEIGH]Deleted 172.16.4.77 dev enp0s25 lladdr 90:1b:0e:18:b3:d4 STALE
[NEIGH]Deleted 172.16.4.71 dev enp0s25  FAILED
[NEIGH]Deleted 172.16.4.75 dev enp0s25  FAILED
[NEIGH]Deleted 172.16.4.254 dev enp0s25 lladdr 52:54:10:ff:10:02 REACHABLE
[ADDR]Deleted 2: enp0s25    inet6 fe80::921b:eff:fe18:b4a0/64 scope link 
       valid_lft forever preferred_lft forever
[ROUTE]Deleted local fe80::921b:eff:fe18:b4a0 dev lo table local proto none metric 0  pref medium
[LINK]2: enp0s25: <BROADCAST,MULTICAST> mtu 1500 qdisc pfifo_fast state DOWN group default 
    link/ether 90:1b:0e:18:b4:a0 brd ff:ff:ff:ff:ff:ff
[NEIGH]Deleted 224.0.0.22 dev enp0s25 lladdr 01:00:5e:00:00:16 NOARP
[NEIGH]Deleted ff02::16 dev enp0s25 lladdr 33:33:00:00:00:16 NOARP
[NEIGH]Deleted ff02::fb dev enp0s25 lladdr 33:33:00:00:00:fb NOARP
[NEIGH]Deleted ff02::1:ff18:b4a0 dev enp0s25 lladdr 33:33:ff:18:b4:a0 NOARP
[NEIGH]Deleted ff02::2 dev enp0s25 lladdr 33:33:00:00:00:02 NOARP
[ROUTE]Deleted ff00::/8 dev enp0s25 table local metric 256 linkdown  pref medium
[LINK]2: enp0s25: <NO-CARRIER,BROADCAST,MULTICAST,UP> mtu 1500 qdisc pfifo_fast state DOWN group default 
    link/ether 90:1b:0e:18:b4:a0 brd ff:ff:ff:ff:ff:ff
[LINK]2: enp0s25: <NO-CARRIER,BROADCAST,MULTICAST,UP> mtu 1500 qdisc pfifo_fast state DOWN group default 
    link/ether 90:1b:0e:18:b4:a0 brd ff:ff:ff:ff:ff:ff
[ROUTE]ff00::/8 dev enp0s25 table local metric 256  pref medium
[LINK]2: enp0s25: <BROADCAST,MULTICAST,UP,LOWER_UP> mtu 1500 qdisc pfifo_fast state UP group default 
    link/ether 90:1b:0e:18:b4:a0 brd ff:ff:ff:ff:ff:ff
[LINK]2: enp0s25: <BROADCAST,MULTICAST,UP,LOWER_UP> mtu 1500 qdisc pfifo_fast state UP group default 
    link/ether 90:1b:0e:18:b4:a0 brd ff:ff:ff:ff:ff:ff
[ROUTE]Deleted ff00::/8 dev enp0s25 table local metric 256  pref medium
[ROUTE]ff00::/8 dev enp0s25 table local metric 256  pref medium
[LINK]2: enp0s25: <BROADCAST,MULTICAST,UP,LOWER_UP> mtu 1500 qdisc pfifo_fast state UP group default 
    link/ether 90:1b:0e:18:b4:a0 brd ff:ff:ff:ff:ff:ff
[ROUTE]Deleted ff00::/8 dev enp0s25 table local metric 256  pref medium
[ROUTE]ff00::/8 dev enp0s25 table local metric 256  pref medium
[ROUTE]fe80::/64 dev enp0s25 proto kernel metric 256  pref medium
[ADDR]2: enp0s25    inet6 fe80::921b:eff:fe18:b4a0/64 scope link 
       valid_lft forever preferred_lft forever
[ROUTE]local fe80::921b:eff:fe18:b4a0 dev lo table local proto none metric 0  pref medium
[ADDR]2: enp0s25    inet6 fe80::921b:eff:fe18:b4a0/64 scope link 
       valid_lft forever preferred_lft forever
[LINK]2: enp0s25: <BROADCAST,MULTICAST,UP,LOWER_UP> mtu 1500 qdisc pfifo_fast state UP group default 
    link/ether 90:1b:0e:18:b4:a0 brd ff:ff:ff:ff:ff:ff
[ROUTE]Deleted fe80::/64 dev enp0s25 proto kernel metric 256  pref medium
[ROUTE]Deleted ff00::/8 dev enp0s25 table local metric 256  pref medium
[NEIGH]Deleted ff02::16 dev enp0s25 lladdr 33:33:00:00:00:16 NOARP
[NEIGH]Deleted ff02::fb dev enp0s25 lladdr 33:33:00:00:00:fb NOARP
[NEIGH]Deleted ff02::1:ff18:b4a0 dev enp0s25 lladdr 33:33:ff:18:b4:a0 NOARP
[NEIGH]Deleted ff02::2 dev enp0s25 lladdr 33:33:00:00:00:02 NOARP
[ADDR]Deleted 2: enp0s25    inet6 fe80::921b:eff:fe18:b4a0/64 scope link 
       valid_lft forever preferred_lft forever
[ROUTE]Deleted local fe80::921b:eff:fe18:b4a0 dev lo table local proto none metric 0  pref medium
[ROUTE]ff00::/8 dev enp0s25 table local metric 256  pref medium
[LINK]2: enp0s25: <BROADCAST,MULTICAST,UP,LOWER_UP> mtu 1500 qdisc pfifo_fast state UP group default 
    link/ether 90:1b:0e:18:b4:a0 brd ff:ff:ff:ff:ff:ff
[ROUTE]Deleted ff00::/8 dev enp0s25 table local metric 256  pref medium
[ROUTE]ff00::/8 dev enp0s25 table local metric 256  pref medium
[ROUTE]fe80::/64 dev enp0s25 proto kernel metric 256  pref medium
[ADDR]2: enp0s25    inet6 fe80::921b:eff:fe18:b4a0/64 scope link 
       valid_lft forever preferred_lft forever
[ROUTE]local fe80::921b:eff:fe18:b4a0 dev lo table local proto none metric 0  pref medium
[ADDR]2: enp0s25    inet6 fe80::921b:eff:fe18:b4a0/64 scope link 
       valid_lft forever preferred_lft forever
[ADDR]2: enp0s25    inet 172.16.4.91/24 brd 172.16.4.255 scope global dynamic enp0s25
       valid_lft 600sec preferred_lft 600sec
[ROUTE]local 172.16.4.91 dev enp0s25 table local proto kernel scope host src 172.16.4.91 
[ROUTE]broadcast 172.16.4.255 dev enp0s25 table local proto kernel scope link src 172.16.4.91 
[ROUTE]172.16.4.0/24 dev enp0s25 proto kernel scope link src 172.16.4.91 
[ROUTE]broadcast 172.16.4.0 dev enp0s25 table local proto kernel scope link src 172.16.4.91 
[ROUTE]Deleted 172.16.4.0/24 dev enp0s25 proto kernel scope link src 172.16.4.91 
[ROUTE]172.16.4.0/24 dev enp0s25 proto kernel scope link src 172.16.4.91 metric 100 
[ROUTE]default via 172.16.4.254 dev enp0s25 proto static metric 100 
[NEIGH]172.16.4.254 dev enp0s25 lladdr 52:54:10:ff:10:02 REACHABLE
[ADDR]2: enp0s25    inet 172.16.4.76/24 brd 172.16.4.255 scope global secondary enp0s25
       valid_lft forever preferred_lft forever
[ROUTE]local 172.16.4.76 dev enp0s25 table local proto kernel scope host src 172.16.4.91 
[ROUTE]default via 172.16.4.254 dev enp0s25 
[ADDR]Deleted 2: enp0s25    inet 172.16.4.76/24 brd 172.16.4.255 scope global secondary enp0s25
       valid_lft forever preferred_lft forever
[ROUTE]Deleted local 172.16.4.76 dev enp0s25 table local proto kernel scope host src 172.16.4.91 
[ADDR]Deleted 2: enp0s25    inet 172.16.4.91/24 brd 172.16.4.255 scope global dynamic enp0s25
       valid_lft 428sec preferred_lft 428sec
[ROUTE]Deleted 172.16.4.0/24 dev enp0s25 proto kernel scope link src 172.16.4.91 metric 100 
[ROUTE]Deleted broadcast 172.16.4.255 dev enp0s25 table local proto kernel scope link src 172.16.4.91 
[ROUTE]Deleted broadcast 172.16.4.0 dev enp0s25 table local proto kernel scope link src 172.16.4.91 
[ROUTE]Deleted local 172.16.4.91 dev enp0s25 table local proto kernel scope host src 172.16.4.91 
[NEIGH]Deleted 224.0.0.251 dev enp0s25 lladdr 01:00:5e:00:00:fb NOARP
[NEIGH]Deleted 224.0.0.22 dev enp0s25 lladdr 01:00:5e:00:00:16 NOARP
[NEIGH]Deleted 172.16.4.254 dev enp0s25 lladdr 52:54:10:ff:10:02 REACHABLE
[ADDR]2: enp0s25    inet 172.16.4.76/24 brd 172.16.4.255 scope global enp0s25
       valid_lft forever preferred_lft forever
[ROUTE]local 172.16.4.76 dev enp0s25 table local proto kernel scope host src 172.16.4.76 
[ROUTE]broadcast 172.16.4.255 dev enp0s25 table local proto kernel scope link src 172.16.4.76 
[ROUTE]172.16.4.0/24 dev enp0s25 proto kernel scope link src 172.16.4.76 
[ROUTE]broadcast 172.16.4.0 dev enp0s25 table local proto kernel scope link src 172.16.4.76 
[ROUTE]default via 172.16.4.254 dev enp0s25 
[NEIGH]172.16.4.254 dev enp0s25 lladdr 52:54:10:ff:10:02 REACHABLE
[ADDR]2: enp0s25    inet 172.16.4.91/24 brd 172.16.4.255 scope global secondary enp0s25
       valid_lft forever preferred_lft forever
[ROUTE]local 172.16.4.91 dev enp0s25 table local proto kernel scope host src 172.16.4.76 
[ADDR]Deleted 2: enp0s25    inet 172.16.4.91/24 brd 172.16.4.255 scope global secondary enp0s25
       valid_lft forever preferred_lft forever
[ROUTE]Deleted local 172.16.4.91 dev enp0s25 table local proto kernel scope host src 172.16.4.76 
[ADDR]Deleted 2: enp0s25    inet 172.16.4.76/24 brd 172.16.4.255 scope global enp0s25
       valid_lft forever preferred_lft forever
[ROUTE]Deleted 172.16.4.0/24 dev enp0s25 proto kernel scope link src 172.16.4.76 
[ROUTE]Deleted broadcast 172.16.4.255 dev enp0s25 table local proto kernel scope link src 172.16.4.76 
[ROUTE]Deleted broadcast 172.16.4.0 dev enp0s25 table local proto kernel scope link src 172.16.4.76 
[ROUTE]Deleted local 172.16.4.76 dev enp0s25 table local proto kernel scope host src 172.16.4.76 
[NEIGH]Deleted 224.0.0.251 dev enp0s25 lladdr 01:00:5e:00:00:fb NOARP
[NEIGH]Deleted 224.0.0.22 dev enp0s25 lladdr 01:00:5e:00:00:16 NOARP
[NEIGH]Deleted 172.16.4.254 dev enp0s25 lladdr 52:54:10:ff:10:02 REACHABLE
[ADDR]2: enp0s25    inet 172.16.4.91/24 brd 172.16.4.255 scope global dynamic enp0s25
       valid_lft 600sec preferred_lft 600sec
[ROUTE]local 172.16.4.91 dev enp0s25 table local proto kernel scope host src 172.16.4.91 
[ROUTE]broadcast 172.16.4.255 dev enp0s25 table local proto kernel scope link src 172.16.4.91 
[ROUTE]172.16.4.0/24 dev enp0s25 proto kernel scope link src 172.16.4.91 
[ROUTE]broadcast 172.16.4.0 dev enp0s25 table local proto kernel scope link src 172.16.4.91 
[ADDR]2: enp0s25    inet 172.16.4.76/24 brd 172.16.4.255 scope global secondary enp0s25
       valid_lft forever preferred_lft forever
[ROUTE]local 172.16.4.76 dev enp0s25 table local proto kernel scope host src 172.16.4.91 
[ROUTE]172.16.4.0/24 dev enp0s25 proto kernel scope link src 172.16.4.91 metric 100 
[ROUTE]default via 172.16.4.254 dev enp0s25 proto static metric 100 
[NEIGH]172.16.4.254 dev enp0s25 lladdr 52:54:10:ff:10:02 REACHABLE
[NEIGH]172.16.4.254 dev enp0s25 lladdr 52:54:10:ff:10:02 STALE
[NEIGH]172.16.4.254 dev enp0s25 lladdr 52:54:10:ff:10:02 PROBE
[NEIGH]172.16.4.254 dev enp0s25 lladdr 52:54:10:ff:10:02 REACHABLE
[NEIGH]172.16.4.254 dev enp0s25 lladdr 52:54:10:ff:10:02 STALE
[NEIGH]172.16.4.254 dev enp0s25 lladdr 52:54:10:ff:10:02 REACHABLE
[NEIGH]172.16.4.254 dev enp0s25 lladdr 52:54:10:ff:10:02 STALE
[NEIGH]172.16.4.254 dev enp0s25 lladdr 52:54:10:ff:10:02 PROBE
[NEIGH]172.16.4.254 dev enp0s25 lladdr 52:54:10:ff:10:02 REACHABLE

guru@vdab10:~$ ss --help
Usage: ss [ OPTIONS ]
       ss [ OPTIONS ] [ FILTER ]
   -h, --help          this message
   -V, --version       output version information
   -n, --numeric       don't resolve service names
   -r, --resolve       resolve host names
   -a, --all           display all sockets
   -l, --listening     display listening sockets
   -o, --options       show timer information
   -e, --extended      show detailed socket information
   -m, --memory        show socket memory usage
   -p, --processes     show process using socket
   -i, --info          show internal TCP information
   -s, --summary       show socket usage summary
   -b, --bpf           show bpf filter socket information
   -E, --events        continually display sockets as they are destroyed
   -Z, --context       display process SELinux security contexts
   -z, --contexts      display process and socket SELinux security contexts
   -N, --net           switch to the specified network namespace name

   -4, --ipv4          display only IP version 4 sockets
   -6, --ipv6          display only IP version 6 sockets
   -0, --packet        display PACKET sockets
   -t, --tcp           display only TCP sockets
   -S, --sctp          display only SCTP sockets
   -u, --udp           display only UDP sockets
   -d, --dccp          display only DCCP sockets
   -w, --raw           display only RAW sockets
   -x, --unix          display only Unix domain sockets
   -f, --family=FAMILY display sockets of type FAMILY
       FAMILY := {inet|inet6|link|unix|netlink|help}

   -K, --kill          forcibly close sockets, display what was closed
   -H, --no-header     Suppress header line

   -A, --query=QUERY, --socket=QUERY
       QUERY := {all|inet|tcp|udp|raw|unix|unix_dgram|unix_stream|unix_seqpacket|packet|netlink}[,QUERY]

   -D, --diag=FILE     Dump raw information about TCP sockets to FILE
   -F, --filter=FILE   read filter information from FILE
       FILTER := [ state STATE-FILTER ] [ EXPRESSION ]
       STATE-FILTER := {all|connected|synchronized|bucket|big|TCP-STATES}
         TCP-STATES := {established|syn-sent|syn-recv|fin-wait-{1,2}|time-wait|closed|close-wait|last-ack|listen|closing}
          connected := {established|syn-sent|syn-recv|fin-wait-{1,2}|time-wait|close-wait|last-ack|closing}
       synchronized := {established|syn-recv|fin-wait-{1,2}|time-wait|close-wait|last-ack|closing}
             bucket := {syn-recv|time-wait}
                big := {established|syn-sent|fin-wait-{1,2}|closed|close-wait|last-ack|listen|closing}


guru@vdab10:~$ ss --query=inet
Netid  State      Recv-Q Send-Q             Local Address:Port                              Peer Address:Port                
tcp    ESTAB      0      0                    172.16.4.91:34274                            172.217.20.98:https                
tcp    ESTAB      0      0                    172.16.4.76:49120                           54.235.233.234:https                
tcp    ESTAB      0      0                    172.16.4.91:58240                             217.12.13.41:https      

guru@vdab10:~$ ss -s
Total: 535 (kernel 0)
TCP:   7 (estab 4, closed 1, orphaned 0, synrecv 0, timewait 1/0), ports 0

Transport Total     IP        IPv6
*	  0         -         -        
RAW	  1         0         1        
UDP	  10        8         2        
TCP	  6         5         1        
INET	  17        13        4        
FRAG	  0         0         0        

guru@vdab10:~$ ip addr show dev enp0s25 | grep inet*
    inet 172.16.4.91/24 brd 172.16.4.255 scope global dynamic enp0s25
    inet 172.16.4.76/24 brd 172.16.4.255 scope global secondary enp0s25
    inet6 fe80::921b:eff:fe18:b4a0/64 scope link 


guru@vdab10:~$ ss -r --query=inet
Netid  State      Recv-Q Send-Q             Local Address:Port                              Peer Address:Port                
tcp    ESTAB      0      0                    172.16.4.91:58246                r2.ycpi.vip.ir2.yahoo.net:https                
tcp    ESTAB      0      0                    172.16.4.91:34100                ec2-52-6-14-112.compute-1.amazonaws.com:https                
tcp    ESTAB      0      0                    172.16.4.76:49120                ec2-54-235-233-234.compute-1.amazonaws.com:https                
tcp    ESTAB      0      0                    172.16.4.91:58248                r2.ycpi.vip.ir2.yahoo.net:https               


guru@vdab10:~$ ss --tcp --listening --numeric
State      Recv-Q Send-Q                  Local Address:Port                                 Peer Address:Port              
LISTEN     0      5                           127.0.0.1:631                                             *:*                  
LISTEN     0      5                                 ::1:631                                            :::*    

guru@vdab10:~$ ss --udp --listening --numeric
State      Recv-Q Send-Q                  Local Address:Port                                 Peer Address:Port              
UNCONN     0      0                                   *:5353                                            *:*                  
UNCONN     0      0                                   *:47279                                           *:*                  
UNCONN     0      0                                   *:68                                              *:*                  
UNCONN     0      0                                   *:68                                              *:*                  
UNCONN     0      0                                   *:68                                              *:*                  
UNCONN     0      0                                   *:68                                              *:*                  
UNCONN     0      0                                   *:68                                              *:*                  
UNCONN     0      0                                   *:631                                             *:*                  
UNCONN     0      0                                  :::5353                                           :::*                  
UNCONN     0      0                                  :::57118                                          :::*           

guru@vdab10:~$ ss --tcp --numeric --processes
State      Recv-Q Send-Q                  Local Address:Port                                 Peer Address:Port              
ESTAB      0      0                         172.16.4.91:36892                                31.13.69.228:443                 users:(("firefox-esr",pid=10356,fd=84))
ESTAB      0      0                         172.16.4.76:49120                              54.235.233.234:443                 users:(("firefox-esr",pid=10356,fd=83))
ESTAB      0      0                         172.16.4.91:37566                              172.217.17.134:443                 users:(("firefox-esr",pid=10356,fd=170))

guru@vdab10:~$ ss --tcp --numeric --processes --resolve
State      Recv-Q Send-Q                  Local Address:Port                                 Peer Address:Port              
ESTAB      0      0                         172.16.4.91:36892              edge-star-mini-shv-01-iad3.facebook.com:443                 users:(("firefox-esr",pid=10356,fd=84))
ESTAB      0      0                         172.16.4.76:49120              ec2-54-235-233-234.compute-1.amazonaws.com:443                 users:(("firefox-esr",pid=10356,fd=83))
ESTAB      0      0                         172.16.4.91:37566                  ams15s30-in-f134.1e100.net:443                 users:(("firefox-esr",pid=10356,fd=170))

guru@vdab10:~$ ss --tcp --processes --resolve
State      Recv-Q Send-Q                Local Address:Port                                 Peer Address:Port                
ESTAB      0      0                       172.16.4.91:36892                edge-star-mini-shv-01-iad3.facebook.com:https                 users:(("firefox-esr",pid=10356,fd=84))
ESTAB      0      0                       172.16.4.76:49120                ec2-54-235-233-234.compute-1.amazonaws.com:https                 users:(("firefox-esr",pid=10356,fd=83))

ss --tcp --processes --resolve --options
State      Recv-Q Send-Q                Local Address:Port                                 Peer Address:Port                
ESTAB      0      0                       172.16.4.76:49120                ec2-54-235-233-234.compute-1.amazonaws.com:https                 users:(("firefox-esr",pid=10356,fd=83)) timer:(keepalive,15sec,0)

$ ss [ OPTIONS ] [ STATE-FILTER ] [ ADDRESS-FILTER ]


-F, --filter=FILE   read filter information from FILE
       FILTER := [ state STATE-FILTER ] [ EXPRESSION ]
       STATE-FILTER := {all|connected|synchronized|bucket|big|TCP-STATES}
         TCP-STATES := {established|syn-sent|syn-recv|fin-wait-{1,2}|time-wait|closed|close-wait|last-ack|listen|closing}
          connected := {established|syn-sent|syn-recv|fin-wait-{1,2}|time-wait|close-wait|last-ack|closing}
       synchronized := {established|syn-recv|fin-wait-{1,2}|time-wait|close-wait|last-ack|closing}
             bucket := {syn-recv|time-wait}
                big := {established|syn-sent|fin-wait-{1,2}|closed|close-wait|last-ack|listen|closing}
                
                
he state can be either of the following

1. established
2. syn-sent
3. syn-recv
4. fin-wait-1
5. fin-wait-2
6. time-wait
7. closed
8. close-wait
9. last-ack
10. closing
11. all - All of the above states
12. connected - All the states except for listen and closed
13. synchronized - All the connected states except for syn-sent
14. bucket - Show states, which are maintained as minisockets, i.e. time-wait and syn-recv.
15. big - Opposite to bucket state.

watch -n 1 "ss -t4 state established"
Recv-Q Send-Q Local Address:Port                 Peer Address:Port

0      0      172.16.4.91:35828                216.137.63.36:http

0      0      172.16.4.91:57870                199.16.156.201:https

0      0      172.16.4.91:41670                172.217.17.131:https

0      0      172.16.4.91:43760                130.211.103.172:http

0      0      172.16.4.91:39680                169.47.30.64:http

0      0      172.16.4.91:40286                23.23.155.223:http

0      0      172.16.4.91:38082                172.217.17.134:https

0      0      172.16.4.91:42762                172.217.17.138:https

0      0      172.16.4.91:46196                52.85.70.16:http
0      0      172.16.4.91:42292                172.217.17.141:https

0      0      172.16.4.91:49500                91.225.248.129:https      

guru@vdab10:~$ ss -t state established
Recv-Q Send-Q                     Local Address:Port                                      Peer Address:Port                
0      0                            172.16.4.76:49120                                   54.235.233.234:https          

http://www.binarytides.com/linux-ss-command/


Filter connections by address and port number

guru@vdab10:~$ ss --tcp -n '( dst :443 or dst :80 )'
State      Recv-Q Send-Q Local Address:Port               Peer Address:Port              
ESTAB      0      0      172.16.4.91:43060              34.207.192.187:443                
ESTAB      0      0      172.16.4.91:38090              172.217.17.134:443                

guru@vdab10:~$ ss --tcp -n dst :443 or dst :80
State      Recv-Q Send-Q Local Address:Port               Peer Address:Port              
ESTAB      0      0      172.16.4.91:43060              34.207.192.187:443                
ESTAB      0      0      172.16.4.91:38090              172.217.17.134:443      

guru@vdab10:~$ ss --tcp dst 34.207.192.187
State      Recv-Q Send-Q Local Address:Port                 Peer Address:Port                
ESTAB      0      0      172.16.4.91:43060                34.207.192.187:https  

guru@vdab10:~$ ss --tcp dst 34.207.192.187:443
State      Recv-Q Send-Q Local Address:Port                 Peer Address:Port                
ESTAB      0      0      172.16.4.91:43060                34.207.192.187:https 

guru@vdab10:~$ ss --tcp dst 34.207.192.187 dport eq :443
State      Recv-Q Send-Q Local Address:Port                 Peer Address:Port                
ESTAB      0      0      172.16.4.91:43060                34.207.192.187:https  

guru@vdab10:~$ ss --tcp dst 34.207.192.187 sport gt 1024

guru@vdab10:~$ ss -nt dport \< :1025

guru@vdab10:~$ sudo ss -nt state connected dport = :443
State      Recv-Q Send-Q Local Address:Port               Peer Address:Port              
ESTAB      0      0      172.16.4.91:43060              34.207.192.187:443

<= or le : Less than or equal to port >= or ge : Greater than or equal to port
== or eq : Equal to port
!= or ne : Not equal to port
< or gt : Less than to port > or lt : Greater than to port

for more info rtfm
guru@vdab10:~$ sudo apt-get install iproute2-doc
file:///usr/share/doc/iproute2-doc/ss.html


ip route
=========
guru@vdab10:~$ ip route help
Usage: ip route { list | flush } SELECTOR
       ip route save SELECTOR
       ip route restore
       ip route showdump
       ip route get ADDRESS [ from ADDRESS iif STRING ]
                            [ oif STRING ] [ tos TOS ]
                            [ mark NUMBER ] [ vrf NAME ]
       ip route { add | del | change | append | replace } ROUTE
SELECTOR := [ root PREFIX ] [ match PREFIX ] [ exact PREFIX ]
            [ table TABLE_ID ] [ vrf NAME ] [ proto RTPROTO ]
            [ type TYPE ] [ scope SCOPE ]
ROUTE := NODE_SPEC [ INFO_SPEC ]
NODE_SPEC := [ TYPE ] PREFIX [ tos TOS ]
             [ table TABLE_ID ] [ proto RTPROTO ]
             [ scope SCOPE ] [ metric METRIC ]
INFO_SPEC := NH OPTIONS FLAGS [ nexthop NH ]...
NH := [ encap ENCAPTYPE ENCAPHDR ] [ via [ FAMILY ] ADDRESS ]
	    [ dev STRING ] [ weight NUMBER ] NHFLAGS
FAMILY := [ inet | inet6 | ipx | dnet | mpls | bridge | link ]
OPTIONS := FLAGS [ mtu NUMBER ] [ advmss NUMBER ] [ as [ to ] ADDRESS ]
           [ rtt TIME ] [ rttvar TIME ] [ reordering NUMBER ]
           [ window NUMBER ] [ cwnd NUMBER ] [ initcwnd NUMBER ]
           [ ssthresh NUMBER ] [ realms REALM ] [ src ADDRESS ]
           [ rto_min TIME ] [ hoplimit NUMBER ] [ initrwnd NUMBER ]
           [ features FEATURES ] [ quickack BOOL ] [ congctl NAME ]
           [ pref PREF ] [ expires TIME ]
TYPE := { unicast | local | broadcast | multicast | throw |
          unreachable | prohibit | blackhole | nat }
TABLE_ID := [ local | main | default | all | NUMBER ]
SCOPE := [ host | link | global | NUMBER ]
NHFLAGS := [ onlink | pervasive ]
RTPROTO := [ kernel | boot | static | NUMBER ]
PREF := [ low | medium | high ]
TIME := NUMBER[s|ms]
BOOL := [1|0]
FEATURES := ecn
ENCAPTYPE := [ mpls | ip | ip6 ]
ENCAPHDR := [ MPLSLABEL ]


guru@vdab10:~$ ip route show dev enp0s25 table 0
default via 172.16.4.254 proto static metric 100 
172.16.4.0/24 proto kernel scope link src 172.16.4.91 
172.16.4.0/24 proto kernel scope link src 172.16.4.91 metric 100 
broadcast 172.16.4.0 table local proto kernel scope link src 172.16.4.91 
local 172.16.4.76 table local proto kernel scope host src 172.16.4.91 
local 172.16.4.91 table local proto kernel scope host src 172.16.4.91 
broadcast 172.16.4.255 table local proto kernel scope link src 172.16.4.91 
fe80::/64 proto kernel metric 256  pref medium
ff00::/8 table local metric 256  pref medium


guru@vdab10:~$ ip route save 1> route_backup
guru@vdab10:~$ sudo ip route flush 
"ip route flush" requires arguments.
guru@vdab10:~$ sudo ip route flush dev enp0s25
guru@vdab10:~$ sudo ip route flush main
Error: inet prefix is expected rather than "main".
guru@vdab10:~$ sudo ip route flush 1
guru@vdab10:~$ ip route show
guru@vdab10:~$ sudo ip route restore < route_backup 
guru@vdab10:~$ ip route show
default via 172.16.4.254 dev enp0s25 proto static metric 100 
172.16.4.0/24 dev enp0s25 proto kernel scope link src 172.16.4.91 
172.16.4.0/24 dev enp0s25 proto kernel scope link src 172.16.4.91 metric 100 
guru@vdab10:~$ 



sudo ip route add default via 192.168.0.196

Show Network Statistics
ip -s link

guru@vdab10:~$ ip -s -s link ls enp0s25
2: enp0s25: <BROADCAST,MULTICAST,UP,LOWER_UP> mtu 1500 qdisc pfifo_fast state UP mode DEFAULT group default qlen 1000
    link/ether 90:1b:0e:18:b4:a0 brd ff:ff:ff:ff:ff:ff
    RX: bytes  packets  errors  dropped overrun mcast   
    258121125  256086   0       0       0       465     
    RX errors: length   crc     frame   fifo    missed
               0        0       0       0       0       
    TX: bytes  packets  errors  dropped carrier collsns 
    25900432   189781   0       0       0       0       
    TX errors: aborted  fifo   window heartbeat transns
               0        0       0       0       8       

Use netcat As A Port Scanner Tool
=================================

nmap
====

lsof
====
[code language="bash" gutter="false"]
guru@home:~$ sudo lsof -h
lsof 4.89
 latest revision: ftp://lsof.itap.purdue.edu/pub/tools/unix/lsof/
 latest FAQ: ftp://lsof.itap.purdue.edu/pub/tools/unix/lsof/FAQ
 latest man page: ftp://lsof.itap.purdue.edu/pub/tools/unix/lsof/lsof_man
 usage: [-?abhKlnNoOPRtUvVX] [+|-c c] [+|-d s] [+D D] [+|-E] [+|-e s] [+|-f[gG]]
 [-F [f]] [-g [s]] [-i [i]] [+|-L [l]] [+m [m]] [+|-M] [-o [o]] [-p s]
 [+|-r [t]] [-s [p:s]] [-S [t]] [-T [t]] [-u s] [+|-w] [-x [fl]] [--] [names]
Defaults in parentheses; comma-separated set (s) items; dash-separated ranges.
  -?|-h list help          -a AND selections (OR)     -b avoid kernel blocks
  -c c  cmd c ^c /c/[bix]  +c w  COMMAND width (9)    +d s  dir s files
  -d s  select by FD set   +D D  dir D tree *SLOW?*   +|-e s  exempt s *RISKY*
  -i select IPv[46] files  -K list tasKs (threads)    -l list UID numbers
  -n no host names         -N select NFS files        -o list file offset
  -O no overhead *RISKY*   -P no port names           -R list paRent PID
  -s list file size        -t terse listing           -T disable TCP/TPI info
  -U select Unix socket    -v list version info       -V verbose search
  +|-w  Warnings (+)       -X skip TCP&UDP* files     -Z Z  context [Z]
  -- end option scan     
  -E display endpoint info              +E display endpoint info and files
  +f|-f  +filesystem or -file names     +|-f[gG] flaGs 
  -F [f] select fields; -F? for help  
  +|-L [l] list (+) suppress (-) link counts < l (0 = all; default = 0)
                                        +m [m] use|create mount supplement
  +|-M   portMap registration (-)       -o o   o 0t offset digits (8)
  -p s   exclude(^)|select PIDs         -S [t] t second stat timeout (15)
  -T qs TCP/TPI Q,St (s) info
  -g [s] exclude(^)|select and print process group IDs
  -i i   select by IPv[46] address: [46][proto][@host|addr][:svc_list|port_list]
  +|-r [t[m<fmt>]] repeat every t seconds (15);  + until no files, - forever.
       An optional suffix to t is m<fmt>; m must separate t from <fmt> and
      <fmt> is an strftime(3) format for the marker line.
  -s p:s  exclude(^)|select protocol (p = TCP|UDP) states by name(s).
  -u s   exclude(^)|select login|UID set s
  -x [fl] cross over +d|+D File systems or symbolic Links
  names  select named files or files on named file systems
Anyone can list all files; /dev warnings disabled; kernel ID check disabled.
[/code]

all files you have opened as logged on user
[code language="bash" gutter="false"]
guru@home:~$ lsof -u `whoami` | wc -l
3316
[/code]


files opened in a directory
---------------------------

[code language="bash" gutter="false"]
guru@home:~$ sudo lsof +D /etc/
COMMAND     PID  USER   FD   TYPE DEVICE SIZE/OFF     NODE NAME
avahi-dae   531 avahi  cwd    DIR    8,1     4096 46138635 /etc/avahi
avahi-dae   531 avahi  rtd    DIR    8,1     4096 46138635 /etc/avahi
sh        10201  guru   10r   REG    8,1     5873 46138915 /etc/xdg/xfce4/xinitrc
[/code]



files opened by bash
--------------------

[code language="bash" gutter="false"]
guru@home:~$ sudo lsof -c bash
COMMAND   PID USER   FD   TYPE DEVICE SIZE/OFF     NODE NAME
bash     5750 guru  cwd    DIR    8,1     4096  3670018 /home/guru
bash     5750 guru  rtd    DIR    8,1     4096        2 /
bash     5750 guru  txt    REG    8,1  1099016 34340977 /bin/bash
bash     5750 guru  mem    REG    8,1    47632 49286244 /lib/x86_64-linux-gnu/libnss_files-2.24.so
bash     5750 guru  mem    REG    8,1    47688 49286246 /lib/x86_64-linux-gnu/libnss_nis-2.24.so
.
.
bash    16945 guru  mem    REG    8,1   170776 49283165 /lib/x86_64-linux-gnu/libtinfo.so.5.9
bash    16945 guru  mem    REG    8,1   153288 49286230 /lib/x86_64-linux-gnu/ld-2.24.so
bash    16945 guru  mem    REG    8,1  1683008 11797031 /usr/lib/locale/locale-archive
bash    16945 guru  mem    REG    8,1    26258 11802677 /usr/lib/x86_64-linux-gnu/gconv/gconv-modules.cache
bash    16945 guru  255u   CHR  136,1      0t0        4 /dev/pts/1
[/code]



[code language="bash" gutter="false"]
guru@home:~$ sudo lsof -c dhcli
COMMAND    PID USER   FD   TYPE             DEVICE SIZE/OFF     NODE NAME
dhclient 13920 root  cwd    DIR                8,1     4096        2 /
dhclient 13920 root  rtd    DIR                8,1     4096        2 /
dhclient 13920 root  txt    REG                8,1   487728 39059510 /sbin/dhclient
dhclient 13920 root  mem    REG                8,1    47632 49286244 /lib/x86_64-linux-gnu/libnss_files-2.24.so
dhclient 13920 root  mem    REG                8,1  2492192 11801803 /usr/lib/x86_64-linux-gnu/libcrypto.so.1.0.2
.
.
dhclient 15121 root    2w   CHR                1,3      0t0     1028 /dev/null
dhclient 15121 root    3u  unix 0xffff95d879fcc800      0t0   186960 type=DGRAM
dhclient 15121 root    4w   REG                8,1     7696 53477431 /var/lib/NetworkManager/dhclient-365be78a-08f5-4443-b128-be2e48fb8b36-enp0s25.lease
dhclient 15121 root    5u  pack             194950      0t0      ALL type=SOCK_RAW
dhclient 15121 root    6u  IPv4             194952      0t0      UDP *:bootpc 
[/code]



[code language="bash" gutter="false"]
guru@home:~$ sudo lsof -c net
COMMAND PID USER   FD      TYPE DEVICE SIZE/OFF NODE NAME
netns    56 root  cwd       DIR    8,1     4096    2 /
netns    56 root  rtd       DIR    8,1     4096    2 /
netns    56 root  txt   unknown                      /proc/56/exe
[/code]


[code language="bash" gutter="false"]
guru@home:~$ sudo lsof -c ssh
COMMAND     PID USER   FD   TYPE             DEVICE SIZE/OFF     NODE NAME
ssh-agent 10238 guru  cwd    DIR                8,1     4096        2 /
ssh-agent 10238 guru  rtd    DIR                8,1     4096        2 /
ssh-agent 10238 guru  txt    REG                8,1   358624 11807359 /usr/bin/ssh-agent
ssh-agent 10238 guru  mem    REG                8,1    14640 49286237 /lib/x86_64-linux-gnu/libdl-2.24.so
ssh-agent 10238 guru  mem    REG                8,1  1685264 49286234 /lib/x86_64-linux-gnu/libc-2.24.so
ssh-agent 10238 guru  mem    REG                8,1  2492192 11801803 /usr/lib/x86_64-linux-gnu/libcrypto.so.1.0.2
ssh-agent 10238 guru  mem    REG                8,1   153288 49286230 /lib/x86_64-linux-gnu/ld-2.24.so
ssh-agent 10238 guru    0u   CHR                1,3      0t0     1028 /dev/null
ssh-agent 10238 guru    1u   CHR                1,3      0t0     1028 /dev/null
ssh-agent 10238 guru    2u   CHR                1,3      0t0     1028 /dev/null
ssh-agent 10238 guru    3u  unix 0xffff95d851968c00      0t0   126742 /tmp/ssh-Ar27ChhjIh2b/agent.10201 type=STREAM
[/code]



files opened by a process
eg the pid of firefox
[code language="bash" gutter="false"]
guru@home:~$ sudo lsof -p 16116
COMMAND     PID USER   FD      TYPE             DEVICE SIZE/OFF     NODE NAME
plugin-co 16116 guru  cwd       DIR                8,1     4096  3670018 /home/guru
plugin-co 16116 guru  rtd       DIR                8,1     4096        2 /
plugin-co 16116 guru  txt       REG                8,1   261944 12846344 /usr/lib/firefox-esr/plugin-container
plugin-co 16116 guru  DEL       REG                0,5          43974662 /SYSV00000000
plugin-co 16116 guru  mem       REG                8,1    14232 11806677 /usr/lib/x86_64-linux-gnu/libvdpau.so.1.0.0
.
.
plugin-co 16116 guru   14w     FIFO               0,10      0t0   210188 pipe
plugin-co 16116 guru   15u     unix 0xffff95d874c26800      0t0   204431 type=STREAM
plugin-co 16116 guru   16r      REG                8,1   327680  3670105 /home/guru/.mozilla/firefox/xjyhxitc.default/cert8.db
plugin-co 16116 guru   17r      REG                8,1    16384  3670106 /home/guru/.mozilla/firefox/xjyhxitc.default/key3.db
plugin-co 16116 guru   18u  a_inode               0,11        0     9538 [eventfd]
plugin-co 16116 guru   19u  a_inode               0,11        0     9538 [eventfd]
[/code]


lsof for networking
-------------------
  -i select IPv[46] files

[code language="bash" gutter="false"]
guru@home:~$ sudo lsof -i
COMMAND     PID  USER   FD   TYPE DEVICE SIZE/OFF NODE NAME
avahi-dae   531 avahi   12u  IPv4    680      0t0  UDP *:mdns 
avahi-dae   531 avahi   13u  IPv6    681      0t0  UDP *:mdns 
avahi-dae   531 avahi   14u  IPv4    682      0t0  UDP *:47279 
avahi-dae   531 avahi   15u  IPv6    683      0t0  UDP *:57118 
firefox-e 10356  guru   81u  IPv4 268390      0t0  TCP 172.16.4.91:40490->ams15s22-in-f14.1e100.net:https (ESTABLISHED)
firefox-e 10356  guru   83u  IPv4 267435      0t0  TCP 172.16.4.91:33536->ams16s29-in-f14.1e100.net:https (ESTABLISHED)
firefox-e 10356  guru   98u  IPv4 264911      0t0  TCP 172.16.4.91:58772->ec2-54-225-163-44.compute-1.amazonaws.com:http (ESTABLISHED)
firefox-e 10356  guru  129u  IPv4 230447      0t0  TCP 172.16.4.91:55832->ec2-54-224-188-111.compute-1.amazonaws.com:https (ESTABLISHED)
dhclient  13920  root    6u  IPv4 182622      0t0  UDP *:bootpc 
dhclient  14233  root    6u  IPv4 178049      0t0  UDP *:bootpc 
dhclient  14318  root    6u  IPv4 176042      0t0  UDP *:bootpc 
dhclient  14596  root    6u  IPv4 191123      0t0  UDP *:bootpc 
dhclient  15121  root    6u  IPv4 194952      0t0  UDP *:bootpc 
cupsd     15538  root    9u  IPv6 199931      0t0  TCP localhost:ipp (LISTEN)
cupsd     15538  root   10u  IPv4 199932      0t0  TCP localhost:ipp (LISTEN)
cups-brow 15539  root    7u  IPv4 198756      0t0  UDP *:ipp
[/code]


-s p:s  exclude(^)|select protocol (p = TCP|UDP) states by name(s).

[code language="bash" gutter="false"]
guru@home:~$ sudo lsof -i -s tcp:listen
COMMAND   PID USER   FD   TYPE DEVICE SIZE/OFF NODE NAME
cupsd   15538 root    9u  IPv6 199931      0t0  TCP localhost:ipp (LISTEN)
cupsd   15538 root   10u  IPv4 199932      0t0  TCP localhost:ipp (LISTEN)
[/code]


[code language="bash" gutter="false"]
guru@home:~$ sudo lsof -i -s tcp:established
COMMAND     PID USER   FD   TYPE DEVICE SIZE/OFF NODE NAME
firefox-e 10356 guru   81u  IPv4 270686      0t0  TCP 172.16.4.91:47818->ec2-54-175-254-119.compute-1.amazonaws.com:http (ESTABLISHED)
firefox-e 10356 guru   98u  IPv4 264911      0t0  TCP 172.16.4.91:58772->ec2-54-225-163-44.compute-1.amazonaws.com:http (ESTABLISHED)
firefox-e 10356 guru  129u  IPv4 230447      0t0  TCP 172.16.4.91:55832->ec2-54-224-188-111.compute-1.amazonaws.com:https (ESTABLISHED)
[/code]


[code language="bash" gutter="false"]
guru@home:~$ sudo lsof -i 6 -s tcp:listen
COMMAND   PID USER   FD   TYPE DEVICE SIZE/OFF NODE NAME
cupsd   15538 root    9u  IPv6 199931      0t0  TCP localhost:ipp (LISTEN)
[/code]


[code language="bash" gutter="false"]
guru@home:~$ sudo lsof -i 4 -s tcp:established
COMMAND     PID USER   FD   TYPE DEVICE SIZE/OFF NODE NAME
firefox-e 10356 guru   81u  IPv4 270710      0t0  TCP 172.16.4.91:56422->ec2-34-206-132-93.compute-1.amazonaws.com:http (ESTABLISHED)
firefox-e 10356 guru   85u  IPv4 267622      0t0  TCP 172.16.4.91:39070->ams16s22-in-f2.1e100.net:https (ESTABLISHED)
firefox-e 10356 guru   98u  IPv4 264911      0t0  TCP 172.16.4.91:58772->ec2-54-225-163-44.compute-1.amazonaws.com:http (ESTABLISHED)
firefox-e 10356 guru  129u  IPv4 230447      0t0  TCP 172.16.4.91:55832->ec2-54-224-188-111.compute-1.amazonaws.com:https (ESTABLISHED)
[/code]

source ip
----------
[code language="bash" gutter="false"]
guru@home:~$ sudo lsof -i@172.16.4.91
COMMAND     PID USER   FD   TYPE DEVICE SIZE/OFF NODE NAME
firefox-e 10356 guru   85u  IPv4 267622      0t0  TCP 172.16.4.91:39070->ams16s22-in-f2.1e100.net:https (ESTABLISHED)
firefox-e 10356 guru   98u  IPv4 264911      0t0  TCP 172.16.4.91:58772->ec2-54-225-163-44.compute-1.amazonaws.com:http (ESTABLISHED)
firefox-e 10356 guru  129u  IPv4 230447      0t0  TCP 172.16.4.91:55832->ec2-54-224-188-111.compute-1.amazonaws.com:https (ESTABLISHED)
[/code]


exclude user
------------

[code language="bash" gutter="false"]
guru@home:~$ lsof -u ^guru
[/code]


By default when you use more than one list option in lsof, they will be ORed.
------------------------------------------------------------------------------
-a AND selections

[code language="bash" gutter="false"]
guru@home:~$ sudo lsof -i@172.16.4.91 -u guru -a
COMMAND     PID USER   FD   TYPE DEVICE SIZE/OFF NODE NAME
firefox-e 10356 guru   81u  IPv4 274022      0t0  TCP 172.16.4.91:41908->ec2-23-21-83-14.compute-1.amazonaws.com:http (ESTABLISHED)
firefox-e 10356 guru   84u  IPv4 279138      0t0  TCP 172.16.4.91:52108->ec2-52-55-162-68.compute-1.amazonaws.com:http (ESTABLISHED)
firefox-e 10356 guru   85u  IPv4 267993      0t0  TCP 172.16.4.91:45896->ams16s31-in-f2.1e100.net:https (ESTABLISHED)
firefox-e 10356 guru   88u  IPv4 279037      0t0  TCP 172.16.4.91:49284->ams15s29-in-f2.1e100.net:https (ESTABLISHED)
firefox-e 10356 guru   98u  IPv4 279112      0t0  TCP 172.16.4.91:33448->ams16s30-in-f66.1e100.net:http (ESTABLISHED)
firefox-e 10356 guru   99u  IPv4 279110      0t0  TCP 172.16.4.91:41516->ams16s31-in-f2.1e100.net:http (ESTABLISHED)
firefox-e 10356 guru  106u  IPv4 273999      0t0  TCP 172.16.4.91:38956->edge-star-mini-shv-01-iad3.facebook.com:https (ESTABLISHED)
firefox-e 10356 guru  108u  IPv4 274000      0t0  TCP 172.16.4.91:45926->ams16s31-in-f2.1e100.net:https (ESTABLISHED)
firefox-e 10356 guru  111u  IPv4 279018      0t0  TCP 172.16.4.91:53064->ams15s30-in-f142.1e100.net:https (ESTABLISHED)
firefox-e 10356 guru  113u  IPv4 279009      0t0  TCP 172.16.4.91:51764->ams15s30-in-f132.1e100.net:https (ESTABLISHED)
firefox-e 10356 guru  114u  IPv4 279034      0t0  TCP 172.16.4.91:39706->ams15s30-in-f134.1e100.net:https (ESTABLISHED)
firefox-e 10356 guru  115u  IPv4 274911      0t0  TCP 172.16.4.91:45932->ams16s31-in-f2.1e100.net:https (ESTABLISHED)
firefox-e 10356 guru  116u  IPv4 268115      0t0  TCP 172.16.4.91:45928->ams16s31-in-f2.1e100.net:https (ESTABLISHED)
firefox-e 10356 guru  118u  IPv4 279061      0t0  TCP 172.16.4.91:43220->ams15s30-in-f3.1e100.net:https (ESTABLISHED)
firefox-e 10356 guru  119u  IPv4 274003      0t0  TCP 172.16.4.91:48542->ams15s30-in-f1.1e100.net:https (ESTABLISHED)
firefox-e 10356 guru  120u  IPv4 279047      0t0  TCP 172.16.4.91:34208->xx-fbcdn-shv-01-bru2.fbcdn.net:https (ESTABLISHED)
firefox-e 10356 guru  122u  IPv4 274914      0t0  TCP 172.16.4.91:43932->ams15s30-in-f13.1e100.net:https (ESTABLISHED)
firefox-e 10356 guru  125u  IPv4 274924      0t0  TCP 172.16.4.91:42470->199.16.156.52:https (ESTABLISHED)
firefox-e 10356 guru  127u  IPv4 279048      0t0  TCP 172.16.4.91:43174->104.19.194.102:https (ESTABLISHED)
firefox-e 10356 guru  133u  IPv4 274006      0t0  TCP 172.16.4.91:44406->ams15s30-in-f138.1e100.net:https (ESTABLISHED)
firefox-e 10356 guru  140u  IPv4 271141      0t0  TCP 172.16.4.91:39644->ams15s30-in-f134.1e100.net:https (ESTABLISHED)
[/code]


[code language="bash" gutter="false"]
guru@home:~$ sudo lsof -i -a -c firefox-e
COMMAND     PID USER   FD   TYPE DEVICE SIZE/OFF NODE NAME
firefox-e 10356 guru   83u  IPv4 276074      0t0  TCP 172.16.4.91:53602->ams15s30-in-f14.1e100.net:https (ESTABLISHED)
firefox-e 10356 guru   84u  IPv4 281738      0t0  TCP 172.16.4.91:34222->ams16s29-in-f46.1e100.net:https (ESTABLISHED)
[/code]


 List process IDs for processes being run by a particular user.
 --------------------------------------------------------------
 
[code language="bash" gutter="false"]
guru@home:~$ sudo lsof -t -u guru
769
770
786
827
832
840
844
856
864
888
917
919
946
960
5750
10201
10238
10248
10250
10259
10260
10262
10263
10265
10273
10274
10277
10296
10299
10301
10307
10356
11227
11232
11437
11444
13128
13129
13310
14722
16116
16945
[/code]


kill all files opened by a user
-------------------------------

[code language="bash" gutter="false"]
-t terse listing

kill -9 `lsof -t -u guru`
[/code]


Execute lsof in repeat mode
----------------------------

It will first list files based on the given parameters and delay for specified seconds and again list files based on the given parameters
It can be interrupted by a signal.

Repeat mode can be enabled by using â-râ or â+râ. If â+râ is used then, the repeat mode will end when no open files are found.
â-râ will continue to list,delay,list until a interrupt is given irrespective of files are opened or not.

Each cycle output will be separated by using â=======â. You also also specify the time delay as â-râ | â+râ.

[code language="bash" gutter="false"]
guru@home:~$ lsof -i -a -s tcp:established -r 5
COMMAND     PID USER   FD   TYPE DEVICE SIZE/OFF NODE NAME
firefox-e 10356 guru   83u  IPv4 283891      0t0  TCP 172.16.4.91:56136->ams15s30-in-f133.1e100.net:https (ESTABLISHED)
firefox-e 10356 guru   84u  IPv4 284081      0t0  TCP 172.16.4.91:53672->ams15s30-in-f14.1e100.net:https (ESTABLISHED)
firefox-e 10356 guru   85u  IPv4 284729      0t0  TCP 172.16.4.91:49134->ams15s30-in-f1.1e100.net:https (ESTABLISHED)
firefox-e 10356 guru   88u  IPv4 283892      0t0  TCP 172.16.4.91:43736->ams15s30-in-f3.1e100.net:https (ESTABLISHED)
firefox-e 10356 guru   98u  IPv4 284730      0t0  TCP 172.16.4.91:49136->ams15s30-in-f1.1e100.net:https (ESTABLISHED)
firefox-e 10356 guru  101u  IPv4 284083      0t0  TCP 172.16.4.91:38886->104.28.18.50:https (ESTABLISHED)
firefox-e 10356 guru  103u  IPv4 284756      0t0  TCP 172.16.4.91:40598->ams15s30-in-f2.1e100.net:https (ESTABLISHED)
firefox-e 10356 guru  105u  IPv4 287824      0t0  TCP 172.16.4.91:37206->ams15s30-in-f10.1e100.net:http (ESTABLISHED)
firefox-e 10356 guru  114u  IPv4 283915      0t0  TCP 172.16.4.91:53634->ams15s30-in-f14.1e100.net:https (ESTABLISHED)
firefox-e 10356 guru  139u  IPv4 285809      0t0  TCP 172.16.4.91:47490->ef-in-f189.1e100.net:https (ESTABLISHED)
=======
COMMAND     PID USER   FD   TYPE DEVICE SIZE/OFF NODE NAME
firefox-e 10356 guru   81u  IPv4 282458      0t0  TCP 172.16.4.91:40788->mail.unipartners.org:http (ESTABLISHED)
firefox-e 10356 guru   83u  IPv4 283891      0t0  TCP 172.16.4.91:56136->ams15s30-in-f133.1e100.net:https (ESTABLISHED)
firefox-e 10356 guru   84u  IPv4 284081      0t0  TCP 172.16.4.91:53672->ams15s30-in-f14.1e100.net:https (ESTABLISHED)
firefox-e 10356 guru   85u  IPv4 284729      0t0  TCP 172.16.4.91:49134->ams15s30-in-f1.1e100.net:https (ESTABLISHED)
firefox-e 10356 guru   88u  IPv4 283892      0t0  TCP 172.16.4.91:43736->ams15s30-in-f3.1e100.net:https (ESTABLISHED)
firefox-e 10356 guru   98u  IPv4 284730      0t0  TCP 172.16.4.91:49136->ams15s30-in-f1.1e100.net:https (ESTABLISHED)
firefox-e 10356 guru  101u  IPv4 284083      0t0  TCP 172.16.4.91:38886->104.28.18.50:https (ESTABLISHED)
firefox-e 10356 guru  103u  IPv4 284756      0t0  TCP 172.16.4.91:40598->ams15s30-in-f2.1e100.net:https (ESTABLISHED)
firefox-e 10356 guru  105u  IPv4 287824      0t0  TCP 172.16.4.91:37206->ams15s30-in-f10.1e100.net:http (ESTABLISHED)
firefox-e 10356 guru  114u  IPv4 283915      0t0  TCP 172.16.4.91:53634->ams15s30-in-f14.1e100.net:https (ESTABLISHED)
firefox-e 10356 guru  139u  IPv4 285809      0t0  TCP 172.16.4.91:47490->ef-in-f189.1e100.net:https (ESTABLISHED)
=======
COMMAND     PID USER   FD   TYPE DEVICE SIZE/OFF NODE NAME
firefox-e 10356 guru   83u  IPv4 283891      0t0  TCP 172.16.4.91:56136->ams15s30-in-f133.1e100.net:https (ESTABLISHED)
firefox-e 10356 guru   84u  IPv4 284081      0t0  TCP 172.16.4.91:53672->ams15s30-in-f14.1e100.net:https (ESTABLISHED)
firefox-e 10356 guru   85u  IPv4 284729      0t0  TCP 172.16.4.91:49134->ams15s30-in-f1.1e100.net:https (ESTABLISHED)
firefox-e 10356 guru   88u  IPv4 283892      0t0  TCP 172.16.4.91:43736->ams15s30-in-f3.1e100.net:https (ESTABLISHED)
firefox-e 10356 guru   98u  IPv4 284730      0t0  TCP 172.16.4.91:49136->ams15s30-in-f1.1e100.net:https (ESTABLISHED)
firefox-e 10356 guru   99u  IPv4 284836      0t0  TCP 172.16.4.91:58028->wilder.debian.org:https (ESTABLISHED)
firefox-e 10356 guru  101u  IPv4 284083      0t0  TCP 172.16.4.91:38886->104.28.18.50:https (ESTABLISHED)
firefox-e 10356 guru  103u  IPv4 284756      0t0  TCP 172.16.4.91:40598->ams15s30-in-f2.1e100.net:https (ESTABLISHED)
firefox-e 10356 guru  105u  IPv4 287824      0t0  TCP 172.16.4.91:37206->ams15s30-in-f10.1e100.net:http (ESTABLISHED)
firefox-e 10356 guru  114u  IPv4 283915      0t0  TCP 172.16.4.91:53634->ams15s30-in-f14.1e100.net:https (ESTABLISHED)
firefox-e 10356 guru  139u  IPv4 285809      0t0  TCP 172.16.4.91:47490->ef-in-f189.1e100.net:https (ESTABLISHED)
=======
COMMAND     PID USER   FD   TYPE DEVICE SIZE/OFF NODE NAME
firefox-e 10356 guru   83u  IPv4 283891      0t0  TCP 172.16.4.91:56136->ams15s30-in-f133.1e100.net:https (ESTABLISHED)
firefox-e 10356 guru   84u  IPv4 284081      0t0  TCP 172.16.4.91:53672->ams15s30-in-f14.1e100.net:https (ESTABLISHED)
firefox-e 10356 guru   85u  IPv4 284729      0t0  TCP 172.16.4.91:49134->ams15s30-in-f1.1e100.net:https (ESTABLISHED)
firefox-e 10356 guru   88u  IPv4 283892      0t0  TCP 172.16.4.91:43736->ams15s30-in-f3.1e100.net:https (ESTABLISHED)
firefox-e 10356 guru   98u  IPv4 284730      0t0  TCP 172.16.4.91:49136->ams15s30-in-f1.1e100.net:https (ESTABLISHED)
firefox-e 10356 guru  101u  IPv4 284083      0t0  TCP 172.16.4.91:38886->104.28.18.50:https (ESTABLISHED)
firefox-e 10356 guru  103u  IPv4 284756      0t0  TCP 172.16.4.91:40598->ams15s30-in-f2.1e100.net:https (ESTABLISHED)
firefox-e 10356 guru  105u  IPv4 287824      0t0  TCP 172.16.4.91:37206->ams15s30-in-f10.1e100.net:http (ESTABLISHED)
firefox-e 10356 guru  114u  IPv4 283915      0t0  TCP 172.16.4.91:53634->ams15s30-in-f14.1e100.net:https (ESTABLISHED)
firefox-e 10356 guru  139u  IPv4 285809      0t0  TCP 172.16.4.91:47490->ef-in-f189.1e100.net:https (ESTABLISHED)
=======
COMMAND     PID USER   FD   TYPE DEVICE SIZE/OFF NODE NAME
firefox-e 10356 guru   83u  IPv4 283891      0t0  TCP 172.16.4.91:56136->ams15s30-in-f133.1e100.net:https (ESTABLISHED)
firefox-e 10356 guru   84u  IPv4 284081      0t0  TCP 172.16.4.91:53672->ams15s30-in-f14.1e100.net:https (ESTABLISHED)
firefox-e 10356 guru   85u  IPv4 284729      0t0  TCP 172.16.4.91:49134->ams15s30-in-f1.1e100.net:https (ESTABLISHED)
firefox-e 10356 guru   88u  IPv4 283892      0t0  TCP 172.16.4.91:43736->ams15s30-in-f3.1e100.net:https (ESTABLISHED)
firefox-e 10356 guru   98u  IPv4 284730      0t0  TCP 172.16.4.91:49136->ams15s30-in-f1.1e100.net:https (ESTABLISHED)
firefox-e 10356 guru   99u  IPv4 282464      0t0  TCP 172.16.4.91:58030->wilder.debian.org:https (ESTABLISHED)
firefox-e 10356 guru  101u  IPv4 284083      0t0  TCP 172.16.4.91:38886->104.28.18.50:https (ESTABLISHED)
firefox-e 10356 guru  103u  IPv4 284756      0t0  TCP 172.16.4.91:40598->ams15s30-in-f2.1e100.net:https (ESTABLISHED)
firefox-e 10356 guru  105u  IPv4 287824      0t0  TCP 172.16.4.91:37206->ams15s30-in-f10.1e100.net:http (ESTABLISHED)
firefox-e 10356 guru  114u  IPv4 283915      0t0  TCP 172.16.4.91:53634->ams15s30-in-f14.1e100.net:https (ESTABLISHED)
firefox-e 10356 guru  139u  IPv4 285809      0t0  TCP 172.16.4.91:47490->ef-in-f189.1e100.net:https (ESTABLISHED)
=======
COMMAND     PID USER   FD   TYPE DEVICE SIZE/OFF NODE NAME
firefox-e 10356 guru   83u  IPv4 283891      0t0  TCP 172.16.4.91:56136->ams15s30-in-f133.1e100.net:https (ESTABLISHED)
firefox-e 10356 guru   84u  IPv4 284081      0t0  TCP 172.16.4.91:53672->ams15s30-in-f14.1e100.net:https (ESTABLISHED)
firefox-e 10356 guru   85u  IPv4 284729      0t0  TCP 172.16.4.91:49134->ams15s30-in-f1.1e100.net:https (ESTABLISHED)
firefox-e 10356 guru   88u  IPv4 283892      0t0  TCP 172.16.4.91:43736->ams15s30-in-f3.1e100.net:https (ESTABLISHED)
firefox-e 10356 guru   98u  IPv4 284730      0t0  TCP 172.16.4.91:49136->ams15s30-in-f1.1e100.net:https (ESTABLISHED)
firefox-e 10356 guru  101u  IPv4 284083      0t0  TCP 172.16.4.91:38886->104.28.18.50:https (ESTABLISHED)
firefox-e 10356 guru  103u  IPv4 284756      0t0  TCP 172.16.4.91:40598->ams15s30-in-f2.1e100.net:https (ESTABLISHED)
firefox-e 10356 guru  105u  IPv4 287824      0t0  TCP 172.16.4.91:37206->ams15s30-in-f10.1e100.net:http (ESTABLISHED)
firefox-e 10356 guru  114u  IPv4 283915      0t0  TCP 172.16.4.91:53634->ams15s30-in-f14.1e100.net:https (ESTABLISHED)
firefox-e 10356 guru  139u  IPv4 285809      0t0  TCP 172.16.4.91:47490->ef-in-f189.1e100.net:https (ESTABLISHED)
=======
COMMAND     PID USER   FD   TYPE DEVICE SIZE/OFF NODE NAME
firefox-e 10356 guru   81u  IPv4 284099      0t0  TCP 172.16.4.91:36412->senfter.debian.org:https (ESTABLISHED)
firefox-e 10356 guru   83u  IPv4 283891      0t0  TCP 172.16.4.91:56136->ams15s30-in-f133.1e100.net:https (ESTABLISHED)
firefox-e 10356 guru   84u  IPv4 284081      0t0  TCP 172.16.4.91:53672->ams15s30-in-f14.1e100.net:https (ESTABLISHED)
firefox-e 10356 guru   85u  IPv4 282469      0t0  TCP 172.16.4.91:36414->senfter.debian.org:https (ESTABLISHED)
firefox-e 10356 guru   88u  IPv4 283892      0t0  TCP 172.16.4.91:43736->ams15s30-in-f3.1e100.net:https (ESTABLISHED)
firefox-e 10356 guru   98u  IPv4 284730      0t0  TCP 172.16.4.91:49136->ams15s30-in-f1.1e100.net:https (ESTABLISHED)
firefox-e 10356 guru   99u  IPv4 282470      0t0  TCP 172.16.4.91:36416->senfter.debian.org:https (ESTABLISHED)
firefox-e 10356 guru  101u  IPv4 284083      0t0  TCP 172.16.4.91:38886->104.28.18.50:https (ESTABLISHED)
firefox-e 10356 guru  103u  IPv4 284756      0t0  TCP 172.16.4.91:40598->ams15s30-in-f2.1e100.net:https (ESTABLISHED)
firefox-e 10356 guru  105u  IPv4 287824      0t0  TCP 172.16.4.91:37206->ams15s30-in-f10.1e100.net:http (ESTABLISHED)
firefox-e 10356 guru  106u  IPv4 282471      0t0  TCP 172.16.4.91:36418->senfter.debian.org:https (ESTABLISHED)
firefox-e 10356 guru  108u  IPv4 282472      0t0  TCP 172.16.4.91:36420->senfter.debian.org:https (ESTABLISHED)
firefox-e 10356 guru  110u  IPv4 282473      0t0  TCP 172.16.4.91:36422->senfter.debian.org:https (ESTABLISHED)
firefox-e 10356 guru  114u  IPv4 283915      0t0  TCP 172.16.4.91:53634->ams15s30-in-f14.1e100.net:https (ESTABLISHED)
firefox-e 10356 guru  139u  IPv4 285809      0t0  TCP 172.16.4.91:47490->ef-in-f189.1e100.net:https (ESTABLISHED)
=======
^C
[/code]

================================
mtr - a network diagnostic tool
================================ 

[code language="bash" gutter="false"]
mtr options
-----------
guru@vdab10:~$ mtr --help
usage: mtr [--help] [--version] [-4|-6] [-F FILENAME]
		[--report] [--report-wide] [--displaymode MODE]
		[--xml] [--gtk] [--curses] [--raw] [--csv] [--json] [--split]
		[--no-dns] [--show-ips] [-o FIELDS] [-y IPINFO] [--aslookup]
		[-i INTERVAL] [-c COUNT] [-s PACKETSIZE] [-B BITPATTERN]
		[-Q TOS] [--mpls]
		[-a ADDRESS] [-f FIRST-TTL] [-m MAX-TTL] [-U MAX_UNKNOWN]
		[--udp] [--tcp] [--sctp] [-P PORT] [-L LOCALPORT] [-Z TIMEOUT]
		[-G GRACEPERIOD] [-M MARK] HOSTNAME
[/code]
$ mtr -n6 -s 1000 -r -c 1000 2a00:1450:400e:800::200e
Options used in the following command:
-n
--no-dns

    Use this option to force mtr to display numeric IP numbers and not try to resolve the host names. 
-s BYTES
--psize BYTES
PACKETSIZE
    These options or a trailing PACKETSIZE on the commandline sets the packet size used for probing. It is in bytes inclusive IP and

    ICMP headers

    If set to a negative number, every iteration will use a different, random packetsize upto that number. 
-c COUNT
--report-cycles COUNT
    Use this option to set the number of pings sent to determine both the machines on the network and the reliability of those machines. Each cycle lasts one second.
-r
--report

    This option puts mtr into report mode. When in this mode, mtr will run for the number of cycles specified by the -c option, and then print statistics and exit. 
This mode is useful for generating statistics about network quality.
    Note that each running instance of mtr generates a significant amount of network traffic. Using mtr to measure the quality of your network may result in decreased network performance.
    
mtr from from telenet kortrijk to google.be ip address
mtr does works similar to traceroute. In this output, it tried to traceroute the path a 1000 times from a telenet modem to google.be's ip address with packets of a 1000bytes. Every router in between the modem and the destination responded every time. All values are very healthy
With this command you can identify the router or between which two routers packet loss is occurring. This is of great help when communicating with your ISP for example when issues arise.
[code language="bash" gutter="false"]
guru@vdab10:~$ mtr --no-dns -4 --psize 1000 --report --report-cycles 1000 172.217.17.131
guru@vdab10:~$ is the same as
guru@vdab10:~$ mtr -n4 -s 1000 -r -c 1000 172.217.17.131
Start: Tue Jun 13 10:42:33 2017
HOST: vdab10                      Loss%   Snt   Last   Avg  Best  Wrst StDev
  1.|-- 172.16.4.254               0.0%  1000    0.7   0.7   0.5   1.1   0.0
  2.|-- 172.31.253.21              0.0%  1000    1.1   0.8   0.7   1.6   0.0
  3.|-- 10.63.192.1                0.1%  1000   16.5  26.4   7.4 312.3  42.8
  4.|-- 213.224.201.49             0.1%  1000   15.4  23.4   7.2 313.7  40.6
  5.|-- 213.224.250.117            0.0%  1000   35.6  24.8   9.5 289.2  40.1
  6.|-- 62.115.14.81               0.1%  1000   17.6  26.3   9.6 317.1  40.9
  7.|-- 213.155.136.216            0.1%  1000   44.1  29.4  12.7 319.0  41.5
  8.|-- 62.115.141.67              0.2%  1000   21.5  28.3  13.4 255.0  38.2
  9.|-- 62.115.145.177             0.1%  1000   21.9  28.8  12.9 318.0  39.1
 10.|-- 108.170.241.161            0.2%  1000   18.0  28.6  13.2 295.8  41.0
 11.|-- 108.170.236.227            0.2%  1000   19.5  28.4  13.1 308.7  40.9
 12.|-- 172.217.17.131             0.1%  1000   14.8  29.6  13.1 313.4  42.6

[/code]
213.118.217.67
guru@vdab10:~$ whois 213.118.217.67
% This is the RIPE Database query service.
% The objects are in RPSL format.
%
% The RIPE Database is subject to Terms and Conditions.
% See http://www.ripe.net/db/support/db-terms-conditions.pdf

% Note: this output has been filtered.
%       To receive output for a database update, use the "-B" flag.

% Information related to '213.118.160.0 - 213.119.255.255'

% Abuse contact for '213.118.160.0 - 213.119.255.255' is 'abuse@pandora.be'

inetnum:        213.118.160.0 - 213.119.255.255
netname:        TELENET
descr:          Telenet Operaties N.V.
country:        BE
admin-c:        PS396-RIPE
tech-c:         PS396-RIPE
status:         ASSIGNED PA
mnt-by:         TELENET-DBM
mnt-lower:      TELENET-DBM
created:        2002-04-29T12:18:25Z
last-modified:  2002-04-29T12:18:25Z
source:         RIPE

role:           Technical Internet
address:        Telenet Operaties N.V.
address:        Liersesteenweg 4
address:        B-2800 Mechelen
address:        Belgium
remarks:        trouble:      IMPORTANT: To report intrusion attempts, hacking,
remarks:        trouble:      IMPORTANT: spamming, or other unaccepted behavior
remarks:        trouble:      IMPORTANT: by a Telenet/Pandora customer, please
remarks:        trouble:      IMPORTANT: send a message to abuse@pandora.be
remarks:        trouble:      IMPORTANT: Voor het rapporteren van inbraakpogingen,
remarks:        trouble:      IMPORTANT: hacking, spamming, of ander onaanvaardbaar
remarks:        trouble:      IMPORTANT: gedrag van een Telenet/Pandora klant, gelieve
remarks:        trouble:      IMPORTANT: een bericht te zenden naar abuse@pandora.be
admin-c:        TNRA1-RIPE
tech-c:         TNRA1-RIPE
nic-hdl:        PS396-RIPE
mnt-by:         TELENET-DBM
created:        1970-01-01T00:00:00Z
last-modified:  2014-05-26T12:29:39Z
source:         RIPE # Filtered
abuse-mailbox:  abuse@pandora.be

% Information related to '213.118.0.0/16AS6848'

route:          213.118.0.0/16
descr:          Telenet customers
origin:         AS6848
mnt-by:         TELENET-OPS-MNT
created:        2011-06-29T11:30:55Z
last-modified:  2011-06-29T11:30:55Z
source:         RIPE

% This query was served by the RIPE Database Query Service version 1.89.2 (HEREFORD)



No packet loss, 11msec average and almost no deviation from the average. These are all signs of a good connection.
[code language="bash" gutter="false"]
[/code]
[code language="bash" gutter="false"]
[/code]
[code language="bash" gutter="false"]
[/code]
[code language="bash" gutter="false"]
[/code]
[code language="bash" gutter="false"]
[/code]
[code language="bash" gutter="false"]
[/code]
[code language="bash" gutter="false"]
[/code]
[code language="bash" gutter="false"]
[/code]
[code language="bash" gutter="false"]
[/code]
[code language="bash" gutter="false"]
[/code]
[code language="bash" gutter="false"]
[/code]
[code language="bash" gutter="false"]
[/code]
[code language="bash" gutter="false"]
[/code]
[code language="bash" gutter="false"]
[/code]
[code language="bash" gutter="false"]
[/code]
[code language="bash" gutter="false"]
[/code]
[code language="bash" gutter="false"]
[/code]
[code language="bash" gutter="false"]
[/code]
[code language="bash" gutter="false"]
[/code]
[code language="bash" gutter="false"]
[/code]
[code language="bash" gutter="false"]
[/code]
[code language="bash" gutter="false"]
[/code]
[code language="bash" gutter="false"]
[/code]
[code language="bash" gutter="false"]
[/code]
[code language="bash" gutter="false"]
[/code]
[code language="bash" gutter="false"]
[/code]
[code language="bash" gutter="false"]
[/code]
[code language="bash" gutter="false"]
[/code]

=======
nping
=======
guru@vdab10:~$ whatis nping
nping (1)            - Network packet generation tool / ping utility
guru@vdab10:~$ nping --help
Nping 0.7.40 ( https://nmap.org/nping )
Usage: nping [Probe mode] [Options] {target specification}

TARGET SPECIFICATION:
  Targets may be specified as hostnames, IP addresses, networks, etc.
  Ex: scanme.nmap.org, microsoft.com/24, 192.168.0.1; 10.0.*.1-24
PROBE MODES:
  --tcp-connect                    : Unprivileged TCP connect probe mode.
  --tcp                            : TCP probe mode.
  --udp                            : UDP probe mode.
  --icmp                           : ICMP probe mode.
  --arp                            : ARP/RARP probe mode.
  --tr, --traceroute               : Traceroute mode (can only be used with 
                                     TCP/UDP/ICMP modes).
TCP CONNECT MODE:
   -p, --dest-port <port spec>     : Set destination port(s).
   -g, --source-port <portnumber>  : Try to use a custom source port.
TCP PROBE MODE:
   -g, --source-port <portnumber>  : Set source port.
   -p, --dest-port <port spec>     : Set destination port(s).
   --seq <seqnumber>               : Set sequence number.
   --flags <flag list>             : Set TCP flags (ACK,PSH,RST,SYN,FIN...)
   --ack <acknumber>               : Set ACK number.
   --win <size>                    : Set window size.
   --badsum                        : Use a random invalid checksum. 
UDP PROBE MODE:
   -g, --source-port <portnumber>  : Set source port.
   -p, --dest-port <port spec>     : Set destination port(s).
   --badsum                        : Use a random invalid checksum. 
ICMP PROBE MODE:
  --icmp-type <type>               : ICMP type.
  --icmp-code <code>               : ICMP code.
  --icmp-id <id>                   : Set identifier.
  --icmp-seq <n>                   : Set sequence number.
  --icmp-redirect-addr <addr>      : Set redirect address.
  --icmp-param-pointer <pnt>       : Set parameter problem pointer.
  --icmp-advert-lifetime <time>    : Set router advertisement lifetime.
  --icmp-advert-entry <IP,pref>    : Add router advertisement entry.
  --icmp-orig-time  <timestamp>    : Set originate timestamp.
  --icmp-recv-time  <timestamp>    : Set receive timestamp.
  --icmp-trans-time <timestamp>    : Set transmit timestamp.
ARP/RARP PROBE MODE:
  --arp-type <type>                : Type: ARP, ARP-reply, RARP, RARP-reply.
  --arp-sender-mac <mac>           : Set sender MAC address.
  --arp-sender-ip  <addr>          : Set sender IP address.
  --arp-target-mac <mac>           : Set target MAC address.
  --arp-target-ip  <addr>          : Set target IP address.
IPv4 OPTIONS:
  -S, --source-ip                  : Set source IP address.
  --dest-ip <addr>                 : Set destination IP address (used as an 
                                     alternative to {target specification} ). 
  --tos <tos>                      : Set type of service field (8bits).
  --id  <id>                       : Set identification field (16 bits).
  --df                             : Set Don't Fragment flag.
  --mf                             : Set More Fragments flag.
  --ttl <hops>                     : Set time to live [0-255].
  --badsum-ip                      : Use a random invalid checksum. 
  --ip-options <S|R [route]|L [route]|T|U ...> : Set IP options
  --ip-options <hex string>                    : Set IP options
  --mtu <size>                     : Set MTU. Packets get fragmented if MTU is
                                     small enough.
IPv6 OPTIONS:
  -6, --IPv6                       : Use IP version 6.
  --dest-ip                        : Set destination IP address (used as an
                                     alternative to {target specification}).
  --hop-limit                      : Set hop limit (same as IPv4 TTL).
  --traffic-class <class> :        : Set traffic class.
  --flow <label>                   : Set flow label.
ETHERNET OPTIONS:
  --dest-mac <mac>                 : Set destination mac address. (Disables
                                     ARP resolution)
  --source-mac <mac>               : Set source MAC address.
  --ether-type <type>              : Set EtherType value.
PAYLOAD OPTIONS:
  --data <hex string>              : Include a custom payload.
  --data-string <text>             : Include a custom ASCII text.
  --data-length <len>              : Include len random bytes as payload.
ECHO CLIENT/SERVER:
  --echo-client <passphrase>       : Run Nping in client mode.
  --echo-server <passphrase>       : Run Nping in server mode.
  --echo-port <port>               : Use custom <port> to listen or connect.
  --no-crypto                      : Disable encryption and authentication.
  --once                           : Stop the server after one connection.
  --safe-payloads                  : Erase application data in echoed packets.
TIMING AND PERFORMANCE:
  Options which take <time> are in seconds, or append 'ms' (milliseconds),
  's' (seconds), 'm' (minutes), or 'h' (hours) to the value (e.g. 30m, 0.25h).
  --delay <time>                   : Adjust delay between probes.
  --rate  <rate>                   : Send num packets per second.
MISC:
  -h, --help                       : Display help information.
  -V, --version                    : Display current version number. 
  -c, --count <n>                  : Stop after <n> rounds.
  -e, --interface <name>           : Use supplied network interface.
  -H, --hide-sent                  : Do not display sent packets.
  -N, --no-capture                 : Do not try to capture replies.
  --privileged                     : Assume user is fully privileged.
  --unprivileged                   : Assume user lacks raw socket privileges.
  --send-eth                       : Send packets at the raw Ethernet layer.
  --send-ip                        : Send packets using raw IP sockets.
  --bpf-filter <filter spec>       : Specify custom BPF filter.
OUTPUT:
  -v                               : Increment verbosity level by one.
  -v[level]                        : Set verbosity level. E.g: -v4
  -d                               : Increment debugging level by one.
  -d[level]                        : Set debugging level. E.g: -d3
  -q                               : Decrease verbosity level by one.
  -q[N]                            : Decrease verbosity level N times
  --quiet                          : Set verbosity and debug level to minimum.
  --debug                          : Set verbosity and debug to the max level.
EXAMPLES:
  nping scanme.nmap.org
  nping --tcp -p 80 --flags rst --ttl 2 192.168.1.1
  nping --icmp --icmp-type time --delay 500ms 192.168.254.254
  nping --echo-server "public" -e wlan0 -vvv 
  nping --echo-client "public" echo.nmap.org --tcp -p1-1024 --flags ack

SEE THE MAN PAGE FOR MANY MORE OPTIONS, DESCRIPTIONS, AND EXAMPLES

=====
NMAP
======

[code language="bash" gutter="false"]
guru@vdab10:~$ sudo apt-cache show nmap
Package: nmap
Version: 7.40-1
Installed-Size: 22707
Maintainer: Debian Security Tools Packaging Team <pkg-security-team@lists.alioth.debian.org>
Architecture: amd64
Depends: libc6 (>= 2.15), libgcc1 (>= 1:3.0), liblinear3 (>= 2.01+dfsg), liblua5.3-0, libpcap0.8 (>= 0.9.8), libpcre3, libssl1.1 (>= 1.1.0), libstdc++6 (>= 5.2)
Recommends: ndiff
Description-en: The Network Mapper
 Nmap is a utility for network exploration or security auditing. It
 supports ping scanning (determine which hosts are up), many port
 scanning techniques, version detection (determine service protocols
 and application versions listening behind ports), and TCP/IP
 fingerprinting (remote host OS or device identification). Nmap also
 offers flexible target and port specification, decoy/stealth scanning,
 sunRPC scanning, and more. Most Unix and Windows platforms are
 supported in both GUI and commandline modes. Several popular handheld
 devices are also supported, including the Sharp Zaurus and the iPAQ.
Description-md5: bc417f4c1fdba7d8d9b0ca8a2a90b7a8
Homepage: http://nmap.org/
Tag: admin::monitoring, implemented-in::c, interface::commandline,
 network::scanner, role::program, scope::utility, use::scanning
Section: net
Priority: extra
Filename: pool/main/n/nmap/nmap_7.40-1_amd64.deb
Size: 5182586
MD5sum: 3eedf34378981ae9473ebb4c6b87f6c4
SHA256: 5b7212dd25bf36e5121e7d8e4eab4d405d6142abb46f06ea86596be37af62c2a

[code language="bash" gutter="false"]
guru@vdab10:~$ sudo apt-cache depends nmap
nmap
  Depends: libc6
  Depends: libgcc1
  Depends: liblinear3
  Depends: liblua5.3-0
  Depends: libpcap0.8
  Depends: libpcre3
  Depends: libssl1.1
  Depends: libstdc++6
  Recommends: ndiff
[/code]
[code language="bash" gutter="false"]
guru@vdab10:~$ sudo apt-cache rdepends nmap
nmap
Reverse Depends:
  ndiff
  plainbox-provider-checkbox
  pbnj
  ocsinventory-server
  ocsinventory-reports
  ocsinventory-agent
  nmapsi4
  zenmap
  ndiff
  nmapsi4
  lsat
  libnmap-parser-perl
  jffnms
  gnome-nettool
  fusioninventory-agent-task-network
  education-common
  atheist
  zabbix-server-pgsql
  zabbix-server-mysql
  openstack-tempest-ci
  nikto
  zabbix-server-pgsql
  zabbix-server-mysql
  python3-nmap
  python-nmap
  plainbox-provider-checkbox
  openvas-scanner
  openstack-tempest-ci
  ocsinventory-agent
  ndiff
  zenmap
  ndiff
  atheist
  lsat
  libnmap-parser-perl
  ibid
  gnome-nettool
  forensics-extra
  education-common
  
[/code]
install python package if you plan to script with nmap
[code language="bash" gutter="false"]
guru@vdab10:~$ sudo apt-get install -t stretch nmap python3-nmap
[/code]


PERFORMING A RECON SCAN
Scanning the registered port range on the router
--------------------------------------
[code language="bash" gutter="false"]
guru@vdab10:~$ sudo nmap -sV --version-intensity 5 -Pn 213.118.217.67 -vv
[sudo] password for guru: 

Starting Nmap 7.40 ( https://nmap.org ) at 2017-06-14 08:13 CEST
NSE: Loaded 40 scripts for scanning.
Initiating Parallel DNS resolution of 1 host. at 08:13
Completed Parallel DNS resolution of 1 host. at 08:13, 11.31s elapsed
Initiating SYN Stealth Scan at 08:13
Scanning dD576D943.access.telenet.be (213.118.217.67) [1000 ports]
Discovered open port 111/tcp on 213.118.217.67
Discovered open port 22/tcp on 213.118.217.67
Increasing send delay for 213.118.217.67 from 0 to 5 due to 314 out of 1046 dropped probes since last increase.
Increasing send delay for 213.118.217.67 from 5 to 10 due to 15 out of 48 dropped probes since last increase.
Increasing send delay for 213.118.217.67 from 10 to 20 due to 11 out of 33 dropped probes since last increase.
Increasing send delay for 213.118.217.67 from 20 to 40 due to 11 out of 35 dropped probes since last increase.
Increasing send delay for 213.118.217.67 from 40 to 80 due to 11 out of 33 dropped probes since last increase.
Completed SYN Stealth Scan at 08:13, 16.14s elapsed (1000 total ports)
Initiating Service scan at 08:13
Scanning 2 services on dD576D943.access.telenet.be (213.118.217.67)
Completed Service scan at 08:14, 6.00s elapsed (2 services on 1 host)
NSE: Script scanning 213.118.217.67.
NSE: Starting runlevel 1 (of 2) scan.
Initiating NSE at 08:14
Completed NSE at 08:14, 0.01s elapsed
NSE: Starting runlevel 2 (of 2) scan.
Initiating NSE at 08:14
Completed NSE at 08:14, 0.00s elapsed
Nmap scan report for dD576D943.access.telenet.be (213.118.217.67)
Host is up, received user-set (0.00076s latency).
Scanned at 2017-06-14 08:13:41 CEST for 22s
Not shown: 998 closed ports
Reason: 998 resets
PORT    STATE SERVICE REASON         VERSION
22/tcp  open  ssh     syn-ack ttl 63 OpenSSH 5.3 (protocol 2.0)
111/tcp open  rpcbind syn-ack ttl 63 2-4 (RPC #100000)

Read data files from: /usr/bin/../share/nmap
Service detection performed. Please report any incorrect results at https://nmap.org/submit/ .
Nmap done: 1 IP address (1 host up) scanned in 33.73 seconds
           Raw packets sent: 1565 (68.860KB) | Rcvd: 1297 (51.888KB)

[/code]

PROBING THE RPCBIND PORT 111 will provide extra info
[code language="bash" gutter="false"]
guru@vdab10:~$ sudo nmap -p 111 --script rpcinfo.nse 213.118.217.67

Starting Nmap 7.40 ( https://nmap.org ) at 2017-06-14 08:15 CEST
Nmap scan report for dD576D943.access.telenet.be (213.118.217.67)
Host is up (0.00075s latency).
PORT    STATE SERVICE
111/tcp open  rpcbind
| rpcinfo: 
|   program version   port/proto  service
|   100000  2,3,4        111/tcp  rpcbind
|   100000  2,3,4        111/udp  rpcbind
|   100024  1          35708/tcp  status
|_  100024  1          44988/udp  status

Nmap done: 1 IP address (1 host up) scanned in 12.79 seconds
[/code]

Well look at that one port is listening to tcp and another one for udp traffic 

SPOOFING AND DECOYING
[code language="bash" gutter="false"]
[/code]
[code language="bash" gutter="false"]
[/code]
[code language="bash" gutter="false"]
[/code]
[code language="bash" gutter="false"]
[/code]




[code language="bash" gutter="false"]
[/code]
[code language="bash" gutter="false"]
[/code]
[code language="bash" gutter="false"]
[/code]
[code language="bash" gutter="false"]
sudo nmap -p 111 --script='/usr/share/nmap/scripts/rpc-grind.nse' 213.118.217.67
[/code]
[/code]
[code language="bash" gutter="false"]
[/code]
[code language="bash" gutter="false"]
[/code]
[code language="bash" gutter="false"]
[/code]
[code language="bash" gutter="false"]
[/code]
[code language="bash" gutter="false"]
[/code]
[code language="bash" gutter="false"]
[/code]
[code language="bash" gutter="false"]
[/code]
[code language="bash" gutter="false"]
[/code]
[code language="bash" gutter="false"]
[/code]
[code language="bash" gutter="false"]
[/code]
[code language="bash" gutter="false"]
[/code]
[code language="bash" gutter="false"]
[/code]
[code language="bash" gutter="false"]
[/code]
[code language="bash" gutter="false"]
[/code]
[code language="bash" gutter="false"]
[/code]
[code language="bash" gutter="false"]
[/code]
[code language="bash" gutter="false"]
[/code]
[code language="bash" gutter="false"]
[/code]
[code language="bash" gutter="false"]
[/code]
[code language="bash" gutter="false"]
[/code]
[code language="bash" gutter="false"]
[/code]
[code language="bash" gutter="false"]
[/code]
[code language="bash" gutter="false"]
[/code]
[code language="bash" gutter="false"]
[/code]
[code language="bash" gutter="false"]
[/code]
[code language="bash" gutter="false"]
[/code]
[code language="bash" gutter="false"]
[/code]
[code language="bash" gutter="false"]
[/code]
[code language="bash" gutter="false"]
[/code]
[code language="bash" gutter="false"]
[/code]
[code language="bash" gutter="false"]
[/code]
[code language="bash" gutter="false"]
[/code]
[code language="bash" gutter="false"]
[/code]
[code language="bash" gutter="false"]
[/code]
[code language="bash" gutter="false"]
[/code]
[code language="bash" gutter="false"]
[/code]
[code language="bash" gutter="false"]
[/code]
[code language="bash" gutter="false"]
[/code]
[code language="bash" gutter="false"]
[/code]
[code language="bash" gutter="false"]
[/code]
[code language="bash" gutter="false"]
[/code]
[code language="bash" gutter="false"]
[/code]
[code language="bash" gutter="false"]
[/code]
[code language="bash" gutter="false"]
[/code]
[code language="bash" gutter="false"]
[/code]
[code language="bash" gutter="false"]
[/code]
[code language="bash" gutter="false"]
[/code]
[code language="bash" gutter="false"]
[/code]
[code language="bash" gutter="false"]
[/code]
[code language="bash" gutter="false"]
[/code]
[code language="bash" gutter="false"]
[/code]
[code language="bash" gutter="false"]
[/code]
[code language="bash" gutter="false"]
[/code]
[code language="bash" gutter="false"]
[/code]
[code language="bash" gutter="false"]
[/code]
[code language="bash" gutter="false"]
[/code]
[code language="bash" gutter="false"]
[/code]
[code language="bash" gutter="false"]
[/code]
[code language="bash" gutter="false"]
[/code]
[code language="bash" gutter="false"]
[/code]
[code language="bash" gutter="false"]
[/code]
[code language="bash" gutter="false"]
[/code]
[code language="bash" gutter="false"]
[/code]
[code language="bash" gutter="false"]
[/code]
[code language="bash" gutter="false"]
[/code]
[code language="bash" gutter="false"]
[/code]
[code language="bash" gutter="false"]
[/code]
[code language="bash" gutter="false"]
[/code]
[code language="bash" gutter="false"]
[/code]
[code language="bash" gutter="false"]
[/code]
[code language="bash" gutter="false"]
[/code]
[code language="bash" gutter="false"]
[/code]
[code language="bash" gutter="false"]
[/code]
[code language="bash" gutter="false"]
[/code]
[code language="bash" gutter="false"]
[/code]
[code language="bash" gutter="false"]
[/code]
[code language="bash" gutter="false"]
[/code]
[code language="bash" gutter="false"]
[/code]
[code language="bash" gutter="false"]
[/code]
[code language="bash" gutter="false"]
[/code]
[code language="bash" gutter="false"]
[/code]
[code language="bash" gutter="false"]
[/code]
[code language="bash" gutter="false"]
[/code]
[code language="bash" gutter="false"]
[/code]
[code language="bash" gutter="false"]
[/code]
[code language="bash" gutter="false"]
[/code]
[code language="bash" gutter="false"]
[/code]
[code language="bash" gutter="false"]
[/code]
[code language="bash" gutter="false"]
[/code]
[code language="bash" gutter="false"]
[/code]
[code language="bash" gutter="false"]
[/code]
[code language="bash" gutter="false"]
[/code]
[code language="bash" gutter="false"]
[/code]
[code language="bash" gutter="false"]
[/code]
[code language="bash" gutter="false"]
[/code]
[code language="bash" gutter="false"]
[/code]
[code language="bash" gutter="false"]
[/code]
[code language="bash" gutter="false"]
[/code]
[code language="bash" gutter="false"]
[/code]
[code language="bash" gutter="false"]
[/code]
[code language="bash" gutter="false"]
[/code]
[code language="bash" gutter="false"]
[/code]
[code language="bash" gutter="false"]
[/code]
[code language="bash" gutter="false"]
[/code]
[code language="bash" gutter="false"]
[/code]
[code language="bash" gutter="false"]
[/code]
[code language="bash" gutter="false"]
[/code]
[code language="bash" gutter="false"]
[/code]
[code language="bash" gutter="false"]
[/code]
[code language="bash" gutter="false"]
[/code]
[code language="bash" gutter="false"]
[/code]
[code language="bash" gutter="false"]
[/code]
[code language="bash" gutter="false"]
[/code]
[code language="bash" gutter="false"]
[/code]
[code language="bash" gutter="false"]
[/code]
[code language="bash" gutter="false"]
[/code]
[code language="bash" gutter="false"]
[/code]
[code language="bash" gutter="false"]
[/code]
[code language="bash" gutter="false"]
[/code]
[code language="bash" gutter="false"]
[/code]
[code language="bash" gutter="false"]
[/code]
[code language="bash" gutter="false"]
[/code]
[code language="bash" gutter="false"]
[/code]
[code language="bash" gutter="false"]
[/code]
[code language="bash" gutter="false"]
[/code]
[code language="bash" gutter="false"]
[/code]
[code language="bash" gutter="false"]
[/code]
[code language="bash" gutter="false"]
[/code]
[code language="bash" gutter="false"]
[/code]
[code language="bash" gutter="false"]
[/code]
[code language="bash" gutter="false"]
[/code]
[code language="bash" gutter="false"]
[/code]
[code language="bash" gutter="false"]
[/code]
[code language="bash" gutter="false"]
[/code]
[code language="bash" gutter="false"]
[/code]
[code language="bash" gutter="false"]
[/code]
[code language="bash" gutter="false"]
[/code]
[code language="bash" gutter="false"]
[/code]
[code language="bash" gutter="false"]
[/code]
[code language="bash" gutter="false"]
[/code]
[code language="bash" gutter="false"]
[/code]
[code language="bash" gutter="false"]
[/code]
[code language="bash" gutter="false"]
[/code]
[code language="bash" gutter="false"]
[/code]
[code language="bash" gutter="false"]
[/code]
[code language="bash" gutter="false"]
[/code]
[code language="bash" gutter="false"]
[/code]
[code language="bash" gutter="false"]
[/code]
[code language="bash" gutter="false"]
[/code]
[code language="bash" gutter="false"]
[/code]
[code language="bash" gutter="false"]
[/code]
[code language="bash" gutter="false"]
[/code]
[code language="bash" gutter="false"]
[/code]
[code language="bash" gutter="false"]
[/code]
[code language="bash" gutter="false"]
[/code]
[code language="bash" gutter="false"]
[/code]
[code language="bash" gutter="false"]
[/code]
[code language="bash" gutter="false"]
[/code]
[code language="bash" gutter="false"]
[/code]
[code language="bash" gutter="false"]
[/code]
[code language="bash" gutter="false"]
[/code]
[code language="bash" gutter="false"]
[/code]
[code language="bash" gutter="false"]
[/code]
[code language="bash" gutter="false"]
[/code]
[code language="bash" gutter="false"]
[/code]
[code language="bash" gutter="false"]
[/code]
[code language="bash" gutter="false"]
[/code]
[code language="bash" gutter="false"]
[/code]
[code language="bash" gutter="false"]
[/code]
[code language="bash" gutter="false"]
[/code]
[code language="bash" gutter="false"]
[/code]
[code language="bash" gutter="false"]
[/code]
[code language="bash" gutter="false"]
[/code]
[code language="bash" gutter="false"]
[/code]
[code language="bash" gutter="false"]
[/code]
[code language="bash" gutter="false"]
[/code]
[code language="bash" gutter="false"]
[/code]
[code language="bash" gutter="false"]
[/code]
[code language="bash" gutter="false"]
[/code]
[code language="bash" gutter="false"]
[/code]
[code language="bash" gutter="false"]
[/code]
[code language="bash" gutter="false"]
[/code]
[code language="bash" gutter="false"]
[/code]
[code language="bash" gutter="false"]
[/code]
[code language="bash" gutter="false"]
[/code]
[code language="bash" gutter="false"]
[/code]
[code language="bash" gutter="false"]
[/code]
[code language="bash" gutter="false"]
[/code]
[code language="bash" gutter="false"]
[/code]
[code language="bash" gutter="false"]
[/code]
[code language="bash" gutter="false"]
[/code]
[code language="bash" gutter="false"]
[/code]
[code language="bash" gutter="false"]
[/code]
[code language="bash" gutter="false"]
[/code]
[code language="bash" gutter="false"]
[/code]
[code language="bash" gutter="false"]
[/code]
[code language="bash" gutter="false"]
[/code]
[code language="bash" gutter="false"]
[/code]
[code language="bash" gutter="false"]
[/code]
[code language="bash" gutter="false"]
[/code]
[code language="bash" gutter="false"]
[/code]
[code language="bash" gutter="false"]
[/code]
[code language="bash" gutter="false"]
[/code]
[code language="bash" gutter="false"]
[/code]
[code language="bash" gutter="false"]
[/code]
[code language="bash" gutter="false"]
[/code]
[code language="bash" gutter="false"]
[/code]
[code language="bash" gutter="false"]
[/code]
[code language="bash" gutter="false"]
[/code]
[code language="bash" gutter="false"]
[/code]
[code language="bash" gutter="false"]
[/code]
[code language="bash" gutter="false"]
[/code]
[code language="bash" gutter="false"]
[/code]
[code language="bash" gutter="false"]
[/code]
[code language="bash" gutter="false"]
[/code]
[code language="bash" gutter="false"]
[/code]
[code language="bash" gutter="false"]
[/code]
[code language="bash" gutter="false"]
[/code]
[code language="bash" gutter="false"]
[/code]
[code language="bash" gutter="false"]
[/code]
[code language="bash" gutter="false"]
[/code]
[code language="bash" gutter="false"]
[/code]
[code language="bash" gutter="false"]
[/code]
[code language="bash" gutter="false"]
[/code]
[code language="bash" gutter="false"]
[/code]
[code language="bash" gutter="false"]
[/code]
[code language="bash" gutter="false"]
[/code]
[code language="bash" gutter="false"]
[/code]
[code language="bash" gutter="false"]
[/code]
[code language="bash" gutter="false"]
[/code]
[code language="bash" gutter="false"]
[/code]
[code language="bash" gutter="false"]
[/code]
[code language="bash" gutter="false"]
[/code]
[code language="bash" gutter="false"]
[/code]
[code language="bash" gutter="false"]
[/code]
[code language="bash" gutter="false"]
[/code]
[code language="bash" gutter="false"]
[/code]
[code language="bash" gutter="false"]
[/code]
[code language="bash" gutter="false"]
[/code]
[code language="bash" gutter="false"]
[/code]
[code language="bash" gutter="false"]
[/code]
[code language="bash" gutter="false"]
[/code]
[code language="bash" gutter="false"]
[/code]
[code language="bash" gutter="false"]
[/code]
[code language="bash" gutter="false"]
[/code]
[code language="bash" gutter="false"]
[/code]
[code language="bash" gutter="false"]
[/code]
[code language="bash" gutter="false"]
[/code]
[code language="bash" gutter="false"]
[/code]
[code language="bash" gutter="false"]
[/code]
[code language="bash" gutter="false"]
[/code]
[code language="bash" gutter="false"]
[/code]
[code language="bash" gutter="false"]
[/code]
[code language="bash" gutter="false"]
[/code]
[code language="bash" gutter="false"]
[/code]
[code language="bash" gutter="false"]
[/code]
[code language="bash" gutter="false"]
[/code]
[code language="bash" gutter="false"]
[/code]
[code language="bash" gutter="false"]
[/code]
[code language="bash" gutter="false"]
[/code]
[code language="bash" gutter="false"]
[/code]
[code language="bash" gutter="false"]
[/code]
[code language="bash" gutter="false"]
[/code]
[code language="bash" gutter="false"]
[/code]
[code language="bash" gutter="false"]
[/code]
[code language="bash" gutter="false"]
[/code]
[code language="bash" gutter="false"]
[/code]
[code language="bash" gutter="false"]
[/code]
[code language="bash" gutter="false"]
[/code]
[code language="bash" gutter="false"]
[/code]
[code language="bash" gutter="false"]
[/code]
[code language="bash" gutter="false"]
[/code]
[code language="bash" gutter="false"]
[/code]
[code language="bash" gutter="false"]
[/code]
[code language="bash" gutter="false"]
[/code]
[code language="bash" gutter="false"]
[/code]
[code language="bash" gutter="false"]
[/code]
[code language="bash" gutter="false"]
[/code]
[code language="bash" gutter="false"]
[/code]
[code language="bash" gutter="false"]
[/code]
[code language="bash" gutter="false"]
[/code]
[code language="bash" gutter="false"]
[/code]
[code language="bash" gutter="false"]
[/code]
[code language="bash" gutter="false"]
[/code]
[code language="bash" gutter="false"]
[/code]
[code language="bash" gutter="false"]
[/code]
[code language="bash" gutter="false"]
[/code]
[code language="bash" gutter="false"]
[/code]
[code language="bash" gutter="false"]
[/code]
[code language="bash" gutter="false"]
[/code]
[code language="bash" gutter="false"]
[/code]
[code language="bash" gutter="false"]
[/code]
[code language="bash" gutter="false"]
[/code]
[code language="bash" gutter="false"]
[/code]
[code language="bash" gutter="false"]
[/code]
[code language="bash" gutter="false"]
[/code]
[code language="bash" gutter="false"]
[/code]
[code language="bash" gutter="false"]
[/code]
[code language="bash" gutter="false"]
[/code]
[code language="bash" gutter="false"]
[/code]
[code language="bash" gutter="false"]
[/code]
[code language="bash" gutter="false"]
[/code]
[code language="bash" gutter="false"]
[/code]
[code language="bash" gutter="false"]
[/code]
[code language="bash" gutter="false"]
[/code]
[code language="bash" gutter="false"]
[/code]
[code language="bash" gutter="false"]
[/code]
[code language="bash" gutter="false"]
[/code]
[code language="bash" gutter="false"]
[/code]
[code language="bash" gutter="false"]
[/code]
[code language="bash" gutter="false"]
[/code]
[code language="bash" gutter="false"]
[/code]
[code language="bash" gutter="false"]
[/code]
[code language="bash" gutter="false"]
[/code]
[code language="bash" gutter="false"]
[/code]
[code language="bash" gutter="false"]
[/code]
[code language="bash" gutter="false"]
[/code]
[code language="bash" gutter="false"]
[/code]
[code language="bash" gutter="false"]
[/code]
[code language="bash" gutter="false"]
[/code]
[code language="bash" gutter="false"]
[/code]
[code language="bash" gutter="false"]
[/code]
[code language="bash" gutter="false"]
[/code]
[code language="bash" gutter="false"]
[/code]
[code language="bash" gutter="false"]
[/code]
[code language="bash" gutter="false"]
[/code]
[code language="bash" gutter="false"]
[/code]
[code language="bash" gutter="false"]
[/code]
[code language="bash" gutter="false"]
[/code]
[code language="bash" gutter="false"]
[/code]
[code language="bash" gutter="false"]
[/code]
[code language="bash" gutter="false"]
[/code]
[code language="bash" gutter="false"]
[/code]
[code language="bash" gutter="false"]
[/code]
[code language="bash" gutter="false"]
[/code]
[code language="bash" gutter="false"]
[/code]
[code language="bash" gutter="false"]
[/code]
[code language="bash" gutter="false"]
[/code]
[code language="bash" gutter="false"]
[/code]
[code language="bash" gutter="false"]
[/code]
[code language="bash" gutter="false"]
[/code]
[code language="bash" gutter="false"]
[/code]
[code language="bash" gutter="false"]
[/code]
[code language="bash" gutter="false"]
[/code]
[code language="bash" gutter="false"]
[/code]
[code language="bash" gutter="false"]
[/code]
[code language="bash" gutter="false"]
[/code]
[code language="bash" gutter="false"]
[/code]
[code language="bash" gutter="false"]
[/code]
[code language="bash" gutter="false"]
[/code]
[code language="bash" gutter="false"]
[/code]
[code language="bash" gutter="false"]
[/code]
[code language="bash" gutter="false"]
[/code]
[code language="bash" gutter="false"]
[/code]
[code language="bash" gutter="false"]
[/code]
[code language="bash" gutter="false"]
[/code]
[code language="bash" gutter="false"]
[/code]
[code language="bash" gutter="false"]
[/code]
[code language="bash" gutter="false"]
[/code]
[code language="bash" gutter="false"]
[/code]
[code language="bash" gutter="false"]
[/code]
[code language="bash" gutter="false"]
[/code]
[code language="bash" gutter="false"]
[/code]
[code language="bash" gutter="false"]
[/code]
[code language="bash" gutter="false"]
[/code]
[code language="bash" gutter="false"]
[/code]
[code language="bash" gutter="false"]
[/code]
[code language="bash" gutter="false"]
[/code]
[code language="bash" gutter="false"]
[/code]
[code language="bash" gutter="false"]
[/code]
[code language="bash" gutter="false"]
[/code]
[code language="bash" gutter="false"]
[/code]
[code language="bash" gutter="false"]
[/code]
[code language="bash" gutter="false"]
[/code]
[code language="bash" gutter="false"]
[/code]
[code language="bash" gutter="false"]
[/code]
[code language="bash" gutter="false"]
[/code]
[code language="bash" gutter="false"]
[/code]
[code language="bash" gutter="false"]
[/code]
[code language="bash" gutter="false"]
[/code]
[code language="bash" gutter="false"]
[/code]
[code language="bash" gutter="false"]
[/code]
[code language="bash" gutter="false"]
[/code]
[code language="bash" gutter="false"]
[/code]
[code language="bash" gutter="false"]
[/code]
[code language="bash" gutter="false"]
[/code]
[code language="bash" gutter="false"]
[/code]
[code language="bash" gutter="false"]
[/code]
[code language="bash" gutter="false"]
[/code]
[code language="bash" gutter="false"]
[/code]
[code language="bash" gutter="false"]
[/code]
[code language="bash" gutter="false"]
[/code]
[code language="bash" gutter="false"]
[/code]
[code language="bash" gutter="false"]
[/code]
[code language="bash" gutter="false"]
[/code]
[code language="bash" gutter="false"]
[/code]
[code language="bash" gutter="false"]
[/code]
[code language="bash" gutter="false"]
[/code]
[code language="bash" gutter="false"]
[/code]
[code language="bash" gutter="false"]
[/code]
[code language="bash" gutter="false"]
[/code]
[code language="bash" gutter="false"]
[/code]
[code language="bash" gutter="false"]
[/code]
[code language="bash" gutter="false"]
[/code]
[code language="bash" gutter="false"]
[/code]
[code language="bash" gutter="false"]
[/code]
[code language="bash" gutter="false"]
[/code]
[code language="bash" gutter="false"]
[/code]
[code language="bash" gutter="false"]
[/code]
[code language="bash" gutter="false"]
[/code]
[code language="bash" gutter="false"]
[/code]
[code language="bash" gutter="false"]
[/code]
[code language="bash" gutter="false"]
[/code]
[code language="bash" gutter="false"]
[/code]

