helpful source
http://blog.alexolivan.com/cisco-packettracer-7-on-debian-stretch/
However don't just install one package with dpkg -i
Better to put the backports repository in our system with -1 priority

root@vdab10:/lib# vi /etc/apt/sources.list.d/jessie-backports.list

root@vdab10:/lib# vi /etc/apt/preferences.d/jessie-backports.pref

root@vdab10:/lib# cat /etc/apt/sources.list.d/jessie-backports.list /etc/apt/preferences.d/jessie-backports.pref 
deb http://ftp.be.debian.org/debian jessie-backports main

Package: *
Pin: release a=jessie-backports
Pin-Priority: -1
root@vdab10:/lib# 

# after having configured the jessie-backports repository you can install the libssl1.0.0 package

root@vdab10:/lib# apt-get update
root@vdab10:/lib# apt-get install -t jessie-backports libssl1.0.0
Instellen van libssl1.0.0:amd64 (1.0.2k-1~bpo8+1) ..
.
# lookup missing modules with the apt-file utility

guru@lab:~/docu[brunswyck:docu.git master]$ /opt/pt/bin/PacketTracer7 
/opt/pt/bin/PacketTracer7: error while loading shared libraries: libQt5Multimedia.so.5: cannot open shared object file: No such file or directory

sudo apt-file search libQt5Multimedia.so.5
libqt5multimedia5: /usr/lib/x86_64-linux-gnu/libQt5Multimedia.so.5
libqt5multimedia5: /usr/lib/x86_64-linux-gnu/libQt5Multimedia.so.5.7
libqt5multimedia5: /usr/lib/x86_64-linux-gnu/libQt5Multimedia.so.5.7.1

sudo apt-get install libqt5webkit5
sudo apt-get install libqt5multimedia5
sudo apt-get install libqt5xml5
sudo apt-get install libqt5script5
sudo apt-get install libqt5scripttools5

# so yeah
sudo apt-get install libqt5webkit5 libqt5multimedia5 libqt5xml5 libqt5script5 libqt5scripttools5

# create your ~/.xsessionrc and logout in again
cat ~/.xsessionrc 
PT7HOME="/opt/pt"
export PT7HOME

