guru@vdab10:~$ read -d '' KICKASSCOMMAND <<"EOF"
alias bustwickrclient="kill -n 9 \\$(ps -C wickr-me | awk 'BEGIN {RS=\\"\\\\n\\"; FS=\\" \\"} FNR==2 {print \\$1}')"
EOF
guru@vdab10:~$ echo $KICKASSCOMMAND 
alias bustwickrclient="kill -n 9 \$(ps -C wickr-me | awk 'BEGIN {RS=\"\\n\"; FS=\" \"} FNR==2 {print \$1}')"
guru@vdab10:~$ echo $KICKASSCOMMAND >> ~/.bash_aliases 
guru@vdab10:~$ source ~/.bash_aliases
guru@vdab10:~$ alias
alias bustwickrclient='kill -n 9 $(ps -C wickr-me | awk '\''BEGIN {RS="\n"; FS=" "} FNR==2 {print $1}'\'')'
alias ll='ls -hal --color=auto'
guru@vdab10:~$ ps -C wickr-me | awk 'BEGIN {RS="\n"; FS=" "} FNR==2 {print $1}'
7761
guru@vdab10:~$ kill -n 9 $(ps -C wickr-me | awk 'BEGIN {RS="\n"; FS=" "} FNR==2 {print $1
guru@vdab10:~$ bustwickrclient 
guru@vdab10:~$ 



apt-cache search 'PDF' | grep ' - .*PDF'

sysctl -a | grep ipv6

guru@vdab10:~$ sudo ip maddress show dev enp0s25
2:	enp0s25
	link  01:00:5e:00:00:01
	link  33:33:00:00:00:fb
	link  33:33:00:00:00:01
	link  33:33:ff:18:b4:a0
	link  01:00:5e:00:00:fb
	inet  224.0.0.251 users 2
	inet  224.0.0.1
	inet6 ff02::1:ff18:b4a0
	inet6 ff02::fb users 2
	inet6 ff02::1
	inet6 ff01::1

guru@vdab10:~$ sudo apt-get remove --auto-remove samba-common-bin 

guru@vdab10:~$ ip neigh show dev enp0s25
172.31.69.41  FAILED
172.31.69.241  FAILED
172.31.69.82  FAILED
172.31.69.229  FAILED
172.31.69.160  FAILED
172.31.69.234  FAILED
172.31.69.247  FAILED
172.31.69.80  FAILED
172.31.69.204  FAILED
172.31.69.177  FAILED
172.31.69.63  FAILED
172.31.69.165  FAILED
172.31.69.249  FAILED
172.31.69.164  FAILED
172.31.69.238  FAILED
172.31.69.211  FAILED
172.31.69.187  FAILED
172.31.69.23  FAILED
172.31.69.181  FAILED
172.31.69.210  FAILED
172.31.69.33 lladdr 90:1b:0e:0d:11:d2 STALE
172.31.69.186  FAILED
172.31.69.22  FAILED
172.31.69.175  FAILED
172.31.69.32 lladdr 00:19:99:ff:ac:c7 STALE
172.16.4.254 lladdr 52:54:10:ff:10:02 REACHABLE
172.31.69.39 lladdr 00:19:99:b0:c2:86 STALE
172.31.69.184  FAILED
172.31.69.173  FAILED
172.31.69.14  FAILED
172.31.69.201  FAILED
172.31.69.243  FAILED
172.31.69.121  FAILED
172.31.69.200  FAILED
172.31.69.31 lladdr 00:19:99:ec:95:e2 STALE
guru@vdab10:~$ watch -n 2 "ip neigh show dev enp0s25"

====
AWK
====
https://www.gnu.org/software/gawk/manual/html_node/Field-Separators.html
https://www.safaribooksonline.com/library/view/effective-awk-programming/0596000707/ch04.html

guru@vdab10:~$ awk 'BEGIN { print "say -> something" }'
say -> something
guru@vdab10:~$ awk 'BEGIN { print "say -> something" }' #comments here
say -> something

BEGIN and END statements are help full in displaying information before and after executing actual AWK script.

BEGIN block Uses:

Declaring variables.
Initialization variables for doing increment/decrements operations in main AWK code.
Printing Headings/info before actual AWK code output.
	

END block Uses:

Printing final results, after doing operations in main AWK block.
Printing Completion/info after actual AWK code output.
	

awk 'BEGIN{awk initializing code}{actual AWK code}' filename.txt
